2026-05-11 19:17:14.166 [info] [main] Log level: Info
2026-05-11 19:17:14.166 [info] [main] Validating found git in: "git"
2026-05-11 19:17:14.166 [info] [main] Using git "2.53.0" from "git"
2026-05-11 19:17:14.166 [info] [Model][doInitialScan] Initial repository scan started
2026-05-11 19:17:14.166 [info] > git rev-parse --show-toplevel [342ms]
2026-05-11 19:17:14.166 [info] > git rev-parse --git-dir --git-common-dir --show-superproject-working-tree [203ms]
2026-05-11 19:17:14.482 [info] [Model][openRepository] Opened repository (path): /workspaces/jazz
2026-05-11 19:17:14.482 [info] [Model][openRepository] Opened repository (real path): /workspaces/jazz
2026-05-11 19:17:14.482 [info] [Model][openRepository] Opened repository (kind): repository
2026-05-11 19:17:14.632 [info] [Model][doInitialScan] Initial repository scan completed - repositories (1), closed repositories (0), parent repositories (0), unsafe repositories (0)
2026-05-11 19:17:14.749 [info] > git config --get commit.template [39ms]
2026-05-11 19:17:15.023 [info] > git for-each-ref --format=%(refname)%00%(upstream:short)%00%(objectname)%00%(upstream:track)%00%(upstream:remotename)%00%(upstream:remoteref) refs/heads/main refs/remotes/main [251ms]
2026-05-11 19:17:15.041 [warning] [Git][revParse] Unable to read file: ENOENT: no such file or directory, open '/workspaces/jazz/.git/refs/remotes/origin/main'
2026-05-11 19:17:15.077 [info] > git rev-parse refs/remotes/origin/main [35ms]
2026-05-11 19:17:15.150 [info] > git status -z -uall [57ms]
2026-05-11 19:17:15.182 [info] > git for-each-ref --sort -committerdate --format %(refname)%00%(objectname)%00%(*objectname) [70ms]
2026-05-11 19:17:15.310 [info] > git for-each-ref --format=%(refname)%00%(upstream:short)%00%(objectname)%00%(upstream:track)%00%(upstream:remotename)%00%(upstream:remoteref) refs/heads/main refs/remotes/main [34ms]
2026-05-11 19:17:15.405 [info] > git check-ignore -v -z --stdin [35ms]
2026-05-11 19:17:15.407 [info] > git config --get --local branch.main.vscode-merge-base [66ms]
2026-05-11 19:17:15.408 [warning] [Git][config] git config failed: Failed to execute git
2026-05-11 19:17:15.434 [info] > git config --get commit.template [127ms]
2026-05-11 19:17:15.635 [info] > git reflog main --grep-reflog=branch: Created from *. [204ms]
2026-05-11 19:17:15.678 [info] > git for-each-ref --format=%(refname)%00%(upstream:short)%00%(objectname)%00%(upstream:track)%00%(upstream:remotename)%00%(upstream:remoteref) refs/heads/main refs/remotes/main [175ms]
2026-05-11 19:17:15.685 [info] > git symbolic-ref --short refs/remotes/origin/HEAD [33ms]
2026-05-11 19:17:15.775 [warning] [Git][revParse] Unable to read file: ENOENT: no such file or directory, open '/workspaces/jazz/.git/refs/remotes/origin/main'
2026-05-11 19:17:16.017 [info] > git config --local -l [16ms]
2026-05-11 19:17:16.020 [info] > git rev-parse refs/remotes/origin/main [245ms]
2026-05-11 19:17:16.060 [info] > git for-each-ref --format=%(refname)%00%(upstream:short)%00%(objectname)%00%(upstream:track)%00%(upstream:remotename)%00%(upstream:remoteref) refs/heads/origin/main refs/remotes/origin/main [335ms]
2026-05-11 19:17:16.301 [info] > git status -z -uall [261ms]
2026-05-11 19:17:16.302 [info] > git for-each-ref --sort -committerdate --format %(refname)%00%(objectname)%00%(*objectname) [242ms]
2026-05-11 19:17:16.407 [info] > git config --local -l [218ms]
2026-05-11 19:17:16.408 [info] > git config --local -l [246ms]
2026-05-11 19:17:16.409 [info] > git config --local -l [264ms]
2026-05-11 19:17:16.413 [info] > git config --local -l [285ms]
2026-05-11 19:17:16.414 [info] > git config --add --local branch.main.vscode-merge-base origin/main [336ms]
2026-05-11 19:17:16.736 [info] > git config --get commit.template [293ms]
2026-05-11 19:17:16.767 [info] > git for-each-ref --format=%(refname)%00%(upstream:short)%00%(objectname)%00%(upstream:track)%00%(upstream:remotename)%00%(upstream:remoteref) refs/heads/main refs/remotes/main [5ms]
2026-05-11 19:17:16.810 [warning] [Git][revParse] Unable to read file: ENOENT: no such file or directory, open '/workspaces/jazz/.git/refs/remotes/origin/main'
2026-05-11 19:17:16.840 [info] > git rev-parse refs/remotes/origin/main [31ms]
2026-05-11 19:17:17.015 [info] > git status -z -uall [144ms]
2026-05-11 19:17:17.057 [info] > git for-each-ref --sort -committerdate --format %(refname)%00%(objectname)%00%(*objectname) [171ms]
2026-05-11 19:17:17.245 [info] > git merge-base refs/heads/main refs/remotes/origin/main [148ms]
2026-05-11 19:17:17.316 [info] > git merge-base refs/heads/main refs/remotes/origin/main [190ms]
2026-05-11 19:17:17.327 [info] > git diff --raw --numstat --diff-filter=ADMR -z --find-renames=50% f091879c6628cfc58854090bb0459ab30a2dfa3d...refs/remotes/origin/main -- [18ms]
2026-05-11 19:17:17.328 [info] > git diff --raw --numstat --diff-filter=ADMR -z --find-renames=50% f091879c6628cfc58854090bb0459ab30a2dfa3d...refs/remotes/origin/main -- [4ms]
2026-05-11 19:17:17.895 [info] > git config --local -l [76ms]
2026-05-11 19:17:17.912 [info] > git for-each-ref --count=10 --sort -committerdate --format %(refname)%00%(objectname)%00%(*objectname) refs/heads/ [109ms]
2026-05-11 19:17:17.921 [info] > git config --local -l [132ms]
2026-05-11 19:17:17.922 [info] > git config --local -l [140ms]
2026-05-11 19:17:17.923 [info] > git config --local -l [153ms]
2026-05-11 19:17:17.923 [info] > git config --local -l [256ms]
2026-05-11 19:17:18.363 [info] > git config --local -l [442ms]
2026-05-11 19:17:18.513 [info] > git for-each-ref --format=%(refname)%00%(upstream:short)%00%(objectname)%00%(upstream:track)%00%(upstream:remotename)%00%(upstream:remoteref) refs/heads/main refs/remotes/main [133ms]
2026-05-11 19:17:22.964 [info] > git check-ignore -v -z --stdin [8ms]
2026-05-11 19:17:24.578 [info] > git config --get commit.template [11ms]
2026-05-11 19:17:24.631 [info] > git for-each-ref --format=%(refname)%00%(upstream:short)%00%(objectname)%00%(upstream:track)%00%(upstream:remotename)%00%(upstream:remoteref) refs/heads/main refs/remotes/main [18ms]
2026-05-11 19:17:24.680 [warning] [Git][revParse] Unable to read file: ENOENT: no such file or directory, open '/workspaces/jazz/.git/refs/remotes/origin/main'
2026-05-11 19:17:24.698 [info] > git rev-parse refs/remotes/origin/main [18ms]
2026-05-11 19:17:24.751 [info] > git status -z -uall [40ms]
2026-05-11 19:17:24.772 [info] > git for-each-ref --sort -committerdate --format %(refname)%00%(objectname)%00%(*objectname) [30ms]
2026-05-11 19:17:29.873 [info] > git config --get commit.template [18ms]
2026-05-11 19:17:29.876 [info] > git for-each-ref --format=%(refname)%00%(upstream:short)%00%(objectname)%00%(upstream:track)%00%(upstream:remotename)%00%(upstream:remoteref) refs/heads/main refs/remotes/main [4ms]
2026-05-11 19:17:29.906 [warning] [Git][revParse] Unable to read file: ENOENT: no such file or directory, open '/workspaces/jazz/.git/refs/remotes/origin/main'
2026-05-11 19:17:29.918 [info] > git rev-parse refs/remotes/origin/main [12ms]
2026-05-11 19:17:29.994 [info] > git status -z -uall [17ms]
2026-05-11 19:17:30.000 [info] > git for-each-ref --sort -committerdate --format %(refname)%00%(objectname)%00%(*objectname) [8ms]
2026-05-11 19:17:33.758 [info] > git check-ignore -v -z --stdin [3ms]
2026-05-11 19:17:36.348 [info] > git check-ignore -v -z --stdin [3ms]
2026-05-11 19:17:38.569 [info] > git check-ignore -v -z --stdin [4ms]
2026-05-11 19:17:40.811 [info] > git check-ignore -v -z --stdin [4ms]
2026-05-11 19:17:42.209 [info] > git check-ignore -v -z --stdin [2ms]
2026-05-11 19:17:51.948 [info] > git check-ignore -v -z --stdin [3ms]
2026-05-11 19:17:53.957 [info] > git check-ignore -v -z --stdin [4ms]
2026-05-11 19:17:56.560 [info] > git check-ignore -v -z --stdin [7ms]
2026-05-11 19:17:58.835 [info] > git check-ignore -v -z --stdin [7ms]
2026-05-11 19:22:16.015 [info] > git config --local -l [2ms]
2026-05-11 19:22:33.960 [info] > git config --local -l [2ms]
2026-05-11 19:22:52.705 [info] > git check-ignore -v -z --stdin [10ms]
2026-05-11 19:23:00.716 [info] > git check-ignore -v -z --stdin [3ms]
2026-05-11 19:24:45.342 [info] > git check-ignore -v -z --stdin [6ms]
2026-05-11 19:24:48.120 [info] > git check-ignore -v -z --stdin [11ms]
2026-05-11 19:24:48.331 [info] > git show --textconv :jazz-language-atlas/data/topics/01-harmony/backdoor-harmony.js [54ms]
2026-05-11 19:24:48.350 [info] > git ls-files --stage -- jazz-language-atlas/data/topics/01-harmony/backdoor-harmony.js [21ms]
2026-05-11 19:24:48.365 [info] > git hash-object -t tree /dev/null [16ms]
2026-05-11 19:24:48.366 [warning] [GitFileSystemProvider][readFile] File not found - git:/workspaces/jazz/jazz-language-atlas/data/topics/01-harmony/backdoor-harmony.js.git?%7B%22path%22%3A%22%2Fworkspaces%2Fjazz%2Fjazz-language-atlas%2Fdata%2Ftopics%2F01-harmony%2Fbackdoor-harmony.js%22%2C%22ref%22%3A%22%22%7D
2026-05-11 19:24:48.369 [info] > git hash-object -t tree /dev/null [4ms]
2026-05-11 19:24:48.369 [warning] [GitFileSystemProvider][stat] File not found - git:/workspaces/jazz/jazz-language-atlas/data/topics/01-harmony/backdoor-harmony.js.git?%7B%22path%22%3A%22%2Fworkspaces%2Fjazz%2Fjazz-language-atlas%2Fdata%2Ftopics%2F01-harmony%2Fbackdoor-harmony.js%22%2C%22ref%22%3A%22%22%7D
2026-05-11 19:27:35.127 [info] > git config --local -l [1ms]
2026-05-11 19:28:04.645 [info] > git config --local -l [6ms]
2026-05-11 19:28:32.389 [info] > git config --get commit.template [22ms]
2026-05-11 19:28:32.410 [info] > git for-each-ref --format=%(refname)%00%(upstream:short)%00%(objectname)%00%(upstream:track)%00%(upstream:remotename)%00%(upstream:remoteref) refs/heads/main refs/remotes/main [25ms]
2026-05-11 19:28:32.435 [warning] [Git][revParse] Unable to read file: ENOENT: no such file or directory, open '/workspaces/jazz/.git/refs/remotes/origin/main'
2026-05-11 19:28:32.440 [info] > git rev-parse refs/remotes/origin/main [5ms]
2026-05-11 19:28:32.493 [info] > git status -z -uall [31ms]
2026-05-11 19:28:32.494 [info] > git for-each-ref --sort -committerdate --format %(refname)%00%(objectname)%00%(*objectname) [7ms]
2026-05-11 19:31:03.569 [info] > git check-ignore -v -z --stdin [6ms]
2026-05-11 19:31:03.648 [info] > git blame --root --incremental f091879c6628cfc58854090bb0459ab30a2dfa3d -- jazz-language-atlas/data/topics/01-harmony/backdoor-harmony.js [3ms]
2026-05-11 19:31:03.648 [info] fatal: no such path jazz-language-atlas/data/topics/01-harmony/backdoor-harmony.js in f091879c6628cfc58854090bb0459ab30a2dfa3d
2026-05-11 19:31:12.562 [info] > git config --get commit.template [1ms]
2026-05-11 19:31:12.573 [info] > git for-each-ref --format=%(refname)%00%(upstream:short)%00%(objectname)%00%(upstream:track)%00%(upstream:remotename)%00%(upstream:remoteref) refs/heads/main refs/remotes/main [3ms]
2026-05-11 19:31:12.584 [warning] [Git][revParse] Unable to read file: ENOENT: no such file or directory, open '/workspaces/jazz/.git/refs/remotes/origin/main'
2026-05-11 19:31:12.586 [info] > git rev-parse refs/remotes/origin/main [2ms]
2026-05-11 19:31:12.620 [info] > git status -z -uall [24ms]
2026-05-11 19:31:12.629 [info] > git for-each-ref --sort -committerdate --format %(refname)%00%(objectname)%00%(*objectname) [16ms]
2026-05-11 19:33:19.340 [info] > git config --local -l [0ms]
2026-05-11 19:34:04.636 [info] > git config --local -l [2ms]
2026-05-11 19:34:41.116 [info] > git check-ignore -v -z --stdin [7ms]
2026-05-11 19:34:41.854 [info] > git config --get commit.template [6ms]
2026-05-11 19:34:41.867 [info] > git for-each-ref --format=%(refname)%00%(upstream:short)%00%(objectname)%00%(upstream:track)%00%(upstream:remotename)%00%(upstream:remoteref) refs/heads/main refs/remotes/main [2ms]
2026-05-11 19:34:41.883 [warning] [Git][revParse] Unable to read file: ENOENT: no such file or directory, open '/workspaces/jazz/.git/refs/remotes/origin/main'
2026-05-11 19:34:41.885 [info] > git rev-parse refs/remotes/origin/main [3ms]
2026-05-11 19:34:41.912 [info] > git status -z -uall [14ms]
2026-05-11 19:34:41.916 [info] > git for-each-ref --sort -committerdate --format %(refname)%00%(objectname)%00%(*objectname) [6ms]
2026-05-11 19:38:23.452 [info] > git check-ignore -v -z --stdin [10ms]
2026-05-11 19:38:25.812 [info] > git config --get commit.template [21ms]
2026-05-11 19:38:25.815 [info] > git for-each-ref --format=%(refname)%00%(upstream:short)%00%(objectname)%00%(upstream:track)%00%(upstream:remotename)%00%(upstream:remoteref) refs/heads/main refs/remotes/main [3ms]
2026-05-11 19:38:25.824 [warning] [Git][revParse] Unable to read file: ENOENT: no such file or directory, open '/workspaces/jazz/.git/refs/remotes/origin/main'
2026-05-11 19:38:25.826 [info] > git rev-parse refs/remotes/origin/main [2ms]
2026-05-11 19:38:25.859 [info] > git status -z -uall [22ms]
2026-05-11 19:38:25.860 [info] > git for-each-ref --sort -committerdate --format %(refname)%00%(objectname)%00%(*objectname) [6ms]
2026-05-11 19:39:35.771 [info] > git config --local -l [4ms]
2026-05-11 19:39:35.817 [info] > git config --local -l [4ms]
2026-05-11 19:43:47.230 [info] > git config --get commit.template [3ms]
2026-05-11 19:43:47.240 [info] > git for-each-ref --format=%(refname)%00%(upstream:short)%00%(objectname)%00%(upstream:track)%00%(upstream:remotename)%00%(upstream:remoteref) refs/heads/main refs/remotes/main [1ms]
2026-05-11 19:43:47.247 [warning] [Git][revParse] Unable to read file: ENOENT: no such file or directory, open '/workspaces/jazz/.git/refs/remotes/origin/main'
2026-05-11 19:43:47.248 [info] > git rev-parse refs/remotes/origin/main [1ms]
2026-05-11 19:43:47.268 [info] > git status -z -uall [12ms]
2026-05-11 19:43:47.271 [info] > git for-each-ref --sort -committerdate --format %(refname)%00%(objectname)%00%(*objectname) [3ms]
2026-05-11 19:44:36.923 [info] > git config --local -l [1ms]
2026-05-11 19:44:36.970 [info] > git config --local -l [3ms]
2026-05-11 19:45:55.005 [info] > git config --get commit.template [4ms]
2026-05-11 19:45:55.024 [info] > git for-each-ref --format=%(refname)%00%(upstream:short)%00%(objectname)%00%(upstream:track)%00%(upstream:remotename)%00%(upstream:remoteref) refs/heads/main refs/remotes/main [5ms]
2026-05-11 19:45:55.033 [warning] [Git][revParse] Unable to read file: ENOENT: no such file or directory, open '/workspaces/jazz/.git/refs/remotes/origin/main'
2026-05-11 19:45:55.034 [info] > git rev-parse refs/remotes/origin/main [1ms]
2026-05-11 19:45:55.063 [info] > git status -z -uall [17ms]
2026-05-11 19:45:55.068 [info] > git for-each-ref --sort -committerdate --format %(refname)%00%(objectname)%00%(*objectname) [9ms]
2026-05-11 19:47:59.092 [info] > git config --get commit.template [2ms]
2026-05-11 19:47:59.111 [info] > git for-each-ref --format=%(refname)%00%(upstream:short)%00%(objectname)%00%(upstream:track)%00%(upstream:remotename)%00%(upstream:remoteref) refs/heads/main refs/remotes/main [7ms]
2026-05-11 19:47:59.126 [warning] [Git][revParse] Unable to read file: ENOENT: no such file or directory, open '/workspaces/jazz/.git/refs/remotes/origin/main'
2026-05-11 19:47:59.129 [info] > git rev-parse refs/remotes/origin/main [3ms]
2026-05-11 19:47:59.170 [info] > git status -z -uall [25ms]
2026-05-11 19:47:59.176 [info] > git for-each-ref --sort -committerdate --format %(refname)%00%(objectname)%00%(*objectname) [12ms]
2026-05-11 19:49:38.148 [info] > git config --local -l [4ms]
2026-05-11 19:49:38.195 [info] > git config --local -l [4ms]
2026-05-11 19:50:24.070 [info] > git config --get commit.template [18ms]
2026-05-11 19:50:24.073 [info] > git for-each-ref --format=%(refname)%00%(upstream:short)%00%(objectname)%00%(upstream:track)%00%(upstream:remotename)%00%(upstream:remoteref) refs/heads/main refs/remotes/main [4ms]
2026-05-11 19:50:24.085 [warning] [Git][revParse] Unable to read file: ENOENT: no such file or directory, open '/workspaces/jazz/.git/refs/remotes/origin/main'
2026-05-11 19:50:24.087 [info] > git rev-parse refs/remotes/origin/main [2ms]
2026-05-11 19:50:24.108 [info] > git status -z -uall [12ms]
2026-05-11 19:50:24.111 [info] > git for-each-ref --sort -committerdate --format %(refname)%00%(objectname)%00%(*objectname) [5ms]
2026-05-11 19:52:47.257 [info] > git config --get commit.template [3ms]
2026-05-11 19:52:47.265 [info] > git for-each-ref --format=%(refname)%00%(upstream:short)%00%(objectname)%00%(upstream:track)%00%(upstream:remotename)%00%(upstream:remoteref) refs/heads/main refs/remotes/main [1ms]
2026-05-11 19:52:47.272 [warning] [Git][revParse] Unable to read file: ENOENT: no such file or directory, open '/workspaces/jazz/.git/refs/remotes/origin/main'
2026-05-11 19:52:47.273 [info] > git rev-parse refs/remotes/origin/main [1ms]
2026-05-11 19:52:47.289 [info] > git status -z -uall [9ms]
2026-05-11 19:52:47.293 [info] > git for-each-ref --sort -committerdate --format %(refname)%00%(objectname)%00%(*objectname) [5ms]
2026-05-11 19:54:39.328 [info] > git config --local -l [1ms]
2026-05-11 19:55:04.703 [info] > git config --local -l [3ms]
2026-05-11 19:55:19.638 [info] > git config --get commit.template [3ms]
2026-05-11 19:55:19.654 [info] > git for-each-ref --format=%(refname)%00%(upstream:short)%00%(objectname)%00%(upstream:track)%00%(upstream:remotename)%00%(upstream:remoteref) refs/heads/main refs/remotes/main [4ms]
2026-05-11 19:55:19.665 [warning] [Git][revParse] Unable to read file: ENOENT: no such file or directory, open '/workspaces/jazz/.git/refs/remotes/origin/main'
2026-05-11 19:55:19.668 [info] > git rev-parse refs/remotes/origin/main [2ms]
2026-05-11 19:55:19.687 [info] > git status -z -uall [11ms]
2026-05-11 19:55:19.691 [info] > git for-each-ref --sort -committerdate --format %(refname)%00%(objectname)%00%(*objectname) [6ms]
2026-05-11 19:57:02.786 [info] > git config --get commit.template [3ms]
2026-05-11 19:57:02.801 [info] > git for-each-ref --format=%(refname)%00%(upstream:short)%00%(objectname)%00%(upstream:track)%00%(upstream:remotename)%00%(upstream:remoteref) refs/heads/main refs/remotes/main [2ms]
2026-05-11 19:57:02.813 [warning] [Git][revParse] Unable to read file: ENOENT: no such file or directory, open '/workspaces/jazz/.git/refs/remotes/origin/main'
2026-05-11 19:57:02.815 [info] > git rev-parse refs/remotes/origin/main [2ms]
2026-05-11 19:57:02.841 [info] > git status -z -uall [15ms]
2026-05-11 19:57:02.844 [info] > git for-each-ref --sort -committerdate --format %(refname)%00%(objectname)%00%(*objectname) [3ms]
2026-05-11 19:58:15.572 [info] > git config --get commit.template [10ms]
2026-05-11 19:58:15.574 [info] > git for-each-ref --format=%(refname)%00%(upstream:short)%00%(objectname)%00%(upstream:track)%00%(upstream:remotename)%00%(upstream:remoteref) refs/heads/main refs/remotes/main [2ms]
2026-05-11 19:58:15.595 [warning] [Git][revParse] Unable to read file: ENOENT: no such file or directory, open '/workspaces/jazz/.git/refs/remotes/origin/main'
2026-05-11 19:58:15.598 [info] > git rev-parse refs/remotes/origin/main [3ms]
2026-05-11 19:58:15.626 [info] > git status -z -uall [18ms]
2026-05-11 19:58:15.628 [info] > git for-each-ref --sort -committerdate --format %(refname)%00%(objectname)%00%(*objectname) [3ms]
2026-05-11 20:00:15.011 [info] > git config --local -l [1ms]
2026-05-11 20:00:17.759 [info] > git config --local -l [5ms]
2026-05-11 20:00:24.607 [info] > git config --get commit.template [2ms]
2026-05-11 20:00:24.625 [info] > git for-each-ref --format=%(refname)%00%(upstream:short)%00%(objectname)%00%(upstream:track)%00%(upstream:remotename)%00%(upstream:remoteref) refs/heads/main refs/remotes/main [5ms]
2026-05-11 20:00:24.632 [warning] [Git][revParse] Unable to read file: ENOENT: no such file or directory, open '/workspaces/jazz/.git/refs/remotes/origin/main'
2026-05-11 20:00:24.634 [info] > git rev-parse refs/remotes/origin/main [2ms]
2026-05-11 20:00:24.656 [info] > git status -z -uall [15ms]
2026-05-11 20:00:24.659 [info] > git for-each-ref --sort -committerdate --format %(refname)%00%(objectname)%00%(*objectname) [4ms]
2026-05-11 20:04:33.553 [info] > git config --get commit.template [2ms]
2026-05-11 20:04:33.581 [info] > git for-each-ref --format=%(refname)%00%(upstream:short)%00%(objectname)%00%(upstream:track)%00%(upstream:remotename)%00%(upstream:remoteref) refs/heads/main refs/remotes/main [10ms]
2026-05-11 20:04:33.599 [warning] [Git][revParse] Unable to read file: ENOENT: no such file or directory, open '/workspaces/jazz/.git/refs/remotes/origin/main'
2026-05-11 20:04:33.599 [info] > git rev-parse refs/remotes/origin/main [0ms]
2026-05-11 20:04:33.621 [info] > git status -z -uall [11ms]
2026-05-11 20:04:33.625 [info] > git for-each-ref --sort -committerdate --format %(refname)%00%(objectname)%00%(*objectname) [4ms]
2026-05-11 20:05:18.961 [info] > git config --local -l [4ms]
2026-05-11 20:05:19.642 [info] > git config --local -l [5ms]
2026-05-11 20:10:20.810 [info] > git config --local -l [1ms]
2026-05-11 20:11:04.649 [info] > git config --local -l [13ms]
2026-05-11 20:11:43.005 [info] > git config --get commit.template [3ms]
2026-05-11 20:11:43.015 [info] > git for-each-ref --format=%(refname)%00%(upstream:short)%00%(objectname)%00%(upstream:track)%00%(upstream:remotename)%00%(upstream:remoteref) refs/heads/main refs/remotes/main [3ms]
2026-05-11 20:11:43.029 [warning] [Git][revParse] Unable to read file: ENOENT: no such file or directory, open '/workspaces/jazz/.git/refs/remotes/origin/main'
2026-05-11 20:11:43.033 [info] > git rev-parse refs/remotes/origin/main [4ms]
2026-05-11 20:11:43.058 [info] > git status -z -uall [15ms]
2026-05-11 20:11:43.061 [info] > git for-each-ref --sort -committerdate --format %(refname)%00%(objectname)%00%(*objectname) [6ms]
2026-05-11 20:13:06.810 [info] > git check-ignore -v -z --stdin [18ms]
2026-05-11 20:13:06.868 [info] > git show --textconv :jazz-language-atlas/data/topics/03-scales-modes/altered-scale.js [10ms]
2026-05-11 20:13:06.868 [info] > git ls-files --stage -- jazz-language-atlas/data/topics/03-scales-modes/altered-scale.js [2ms]
2026-05-11 20:13:06.871 [warning] [GitFileSystemProvider][stat] File not found - git:/workspaces/jazz/jazz-language-atlas/data/topics/03-scales-modes/altered-scale.js.git?%7B%22path%22%3A%22%2Fworkspaces%2Fjazz%2Fjazz-language-atlas%2Fdata%2Ftopics%2F03-scales-modes%2Faltered-scale.js%22%2C%22ref%22%3A%22%22%7D
2026-05-11 20:13:06.871 [warning] [GitFileSystemProvider][readFile] File not found - git:/workspaces/jazz/jazz-language-atlas/data/topics/03-scales-modes/altered-scale.js.git?%7B%22path%22%3A%22%2Fworkspaces%2Fjazz%2Fjazz-language-atlas%2Fdata%2Ftopics%2F03-scales-modes%2Faltered-scale.js%22%2C%22ref%22%3A%22%22%7D
2026-05-11 20:13:14.391 [info] > git check-ignore -v -z --stdin [4ms]
2026-05-11 20:13:16.707 [info] > git check-ignore -v -z --stdin [4ms]
2026-05-11 20:13:18.464 [info] > git check-ignore -v -z --stdin [6ms]
2026-05-11 20:13:18.522 [info] > git show --textconv :jazz-language-atlas/data/tags/core-tags.js [10ms]
2026-05-11 20:13:18.523 [warning] [GitFileSystemProvider][readFile] File not found - git:/workspaces/jazz/jazz-language-atlas/data/tags/core-tags.js.git?%7B%22path%22%3A%22%2Fworkspaces%2Fjazz%2Fjazz-language-atlas%2Fdata%2Ftags%2Fcore-tags.js%22%2C%22ref%22%3A%22%22%7D
2026-05-11 20:13:18.524 [info] > git ls-files --stage -- jazz-language-atlas/data/tags/core-tags.js [2ms]
2026-05-11 20:13:18.524 [warning] [GitFileSystemProvider][stat] File not found - git:/workspaces/jazz/jazz-language-atlas/data/tags/core-tags.js.git?%7B%22path%22%3A%22%2Fworkspaces%2Fjazz%2Fjazz-language-atlas%2Fdata%2Ftags%2Fcore-tags.js%22%2C%22ref%22%3A%22%22%7D
2026-05-11 20:13:21.652 [info] > git check-ignore -v -z --stdin [1ms]
2026-05-11 20:13:21.709 [info] > git show --textconv :jazz-language-atlas/data/glossary.js [8ms]
2026-05-11 20:13:21.709 [warning] [GitFileSystemProvider][readFile] File not found - git:/workspaces/jazz/jazz-language-atlas/data/glossary.js.git?%7B%22path%22%3A%22%2Fworkspaces%2Fjazz%2Fjazz-language-atlas%2Fdata%2Fglossary.js%22%2C%22ref%22%3A%22%22%7D
2026-05-11 20:13:21.711 [info] > git ls-files --stage -- jazz-language-atlas/data/glossary.js [4ms]
2026-05-11 20:13:21.711 [warning] [GitFileSystemProvider][stat] File not found - git:/workspaces/jazz/jazz-language-atlas/data/glossary.js.git?%7B%22path%22%3A%22%2Fworkspaces%2Fjazz%2Fjazz-language-atlas%2Fdata%2Fglossary.js%22%2C%22ref%22%3A%22%22%7D
2026-05-11 20:14:05.882 [info] > git config --get commit.template [17ms]
2026-05-11 20:14:05.884 [info] > git for-each-ref --format=%(refname)%00%(upstream:short)%00%(objectname)%00%(upstream:track)%00%(upstream:remotename)%00%(upstream:remoteref) refs/heads/main refs/remotes/main [6ms]
2026-05-11 20:14:05.892 [warning] [Git][revParse] Unable to read file: ENOENT: no such file or directory, open '/workspaces/jazz/.git/refs/remotes/origin/main'
2026-05-11 20:14:05.893 [info] > git rev-parse refs/remotes/origin/main [1ms]
2026-05-11 20:14:05.913 [info] > git status -z -uall [9ms]
2026-05-11 20:14:05.915 [info] > git for-each-ref --sort -committerdate --format %(refname)%00%(objectname)%00%(*objectname) [3ms]
2026-05-11 20:16:31.100 [info] > git config --local -l [8ms]
