0 verbose cli /usr/local/share/nvm/versions/node/v24.14.0/bin/node /home/codespace/nvm/current/bin/npm
1 info using npm@11.9.0
2 info using node@v24.14.0
3 silly config load:file:/usr/local/share/nvm/versions/node/v24.14.0/lib/node_modules/npm/npmrc
4 silly config load:file:/workspaces/jazz/jazz-language-atlas/.npmrc
5 silly config load:file:/home/codespace/.npmrc
6 silly config load:file:/usr/local/share/nvm/versions/node/v24.14.0/etc/npmrc
7 verbose title npm install marked
8 verbose argv "install" "marked"
9 verbose logfile logs-max:10 dir:/home/codespace/.npm/_logs/2026-05-11T20_59_26_577Z-
10 verbose logfile /home/codespace/.npm/_logs/2026-05-11T20_59_26_577Z-debug-0.log
11 silly logfile start cleaning logs, removing 1 files
12 silly logfile done cleaning log files
13 silly packumentCache heap:2348810240 maxSize:587202560 maxEntrySize:293601280
14 silly idealTree buildDeps
15 silly fetch manifest marked@*
16 silly packumentCache full:https://registry.npmjs.org/marked cache-miss
17 http fetch GET 200 https://registry.npmjs.org/marked 96ms (cache miss)
18 silly packumentCache full:https://registry.npmjs.org/marked set size:undefined disposed:false
19 silly placeDep ROOT marked@18.0.3 OK for: jazz-language-atlas@1.0.0 want: *
20 silly reify moves {}
21 silly audit bulk request { marked: [ '18.0.3' ] }
22 http cache marked@https://registry.npmjs.org/marked/-/marked-18.0.3.tgz 0ms (cache hit)
23 silly tarball no local data for marked@https://registry.npmjs.org/marked/-/marked-18.0.3.tgz. Extracting by manifest.
24 http fetch GET 200 https://registry.npmjs.org/marked/-/marked-18.0.3.tgz 66ms (cache miss)
25 http fetch POST 200 https://registry.npmjs.org/-/npm/v1/security/advisories/bulk 186ms
26 silly audit report {}
27 silly ADD node_modules/marked
28 verbose cwd /workspaces/jazz/jazz-language-atlas
29 verbose os Linux 6.8.0-1044-azure
30 verbose node v24.14.0
31 verbose npm  v11.9.0
32 verbose exit 0
33 info ok
