2026-05-11 20:15:33.798 [info] Reading sessions from keychain...
2026-05-11 20:15:33.798 [info] Got stored sessions!
2026-05-11 20:15:33.798 [info] Got 6 verified sessions.
2026-05-11 20:15:33.798 [info] Getting sessions for all scopes...
2026-05-11 20:15:33.798 [info] Got 6 sessions for ...
2026-05-11 20:15:33.798 [info] Getting sessions for all scopes...
2026-05-11 20:15:33.798 [info] Got 6 sessions for ...
2026-05-11 20:15:33.798 [info] Getting sessions for all scopes...
2026-05-11 20:15:33.798 [info] Got 6 sessions for ...
2026-05-11 20:15:33.798 [info] Getting sessions for all scopes...
2026-05-11 20:15:33.798 [info] Got 6 sessions for ...
2026-05-11 20:15:33.798 [info] Getting sessions for user:email...
2026-05-11 20:15:33.798 [info] Got 1 sessions for user:email...
2026-05-11 20:15:33.798 [info] Getting sessions for all scopes...
2026-05-11 20:15:33.798 [info] Got 6 sessions for ...
2026-05-11 20:15:33.798 [info] Getting sessions for all scopes...
2026-05-11 20:15:33.798 [info] Got 6 sessions for ...
2026-05-11 20:15:33.798 [info] Getting sessions for all scopes...
2026-05-11 20:15:33.798 [info] Got 6 sessions for ...
2026-05-11 20:15:33.798 [info] Getting sessions for codespace,read:user,repo,user:email...
2026-05-11 20:15:33.798 [info] Got 1 sessions for codespace,read:user,repo,user:email...
2026-05-11 20:15:33.798 [info] Getting sessions for all scopes...
2026-05-11 20:15:33.798 [info] Got 6 sessions for ...
2026-05-11 20:15:33.922 [info] Getting sessions for all scopes...
2026-05-11 20:15:33.922 [info] Got 6 sessions for ...
2026-05-11 20:15:34.204 [info] Getting sessions for all scopes...
2026-05-11 20:15:34.204 [info] Got 6 sessions for ...
2026-05-11 20:15:34.244 [info] Getting sessions for project,read:org,read:user,repo,user:email,workflow...
2026-05-11 20:15:34.244 [info] Got 0 sessions for project,read:org,read:user,repo,user:email,workflow...
2026-05-11 20:15:34.302 [info] Getting sessions for all scopes...
2026-05-11 20:15:34.302 [info] Got 6 sessions for ...
2026-05-11 20:15:34.597 [info] Getting sessions for read:user,repo,user:email,workflow...
2026-05-11 20:15:34.597 [info] Got 1 sessions for read:user,repo,user:email,workflow...
2026-05-11 20:15:34.943 [info] FetcherService: Node fetch failed with status: 429 Too Many Requests
2026-05-11 20:15:34.956 [info] Unable to resolve optional EDU details. Status: 429 Too Many Requests
2026-05-11 20:15:35.603 [info] Getting sessions for read:user,repo,user:email,workflow...
2026-05-11 20:15:35.603 [info] Got 1 sessions for read:user,repo,user:email,workflow...
2026-05-11 20:15:38.822 [info] Getting sessions for all scopes...
2026-05-11 20:15:38.822 [info] Got 6 sessions for ...
2026-05-11 20:15:38.860 [info] Getting sessions for all scopes...
2026-05-11 20:15:38.861 [info] Got 6 sessions for ...
2026-05-11 20:16:54.524 [info] Getting sessions for all scopes...
2026-05-11 20:16:54.524 [info] Got 6 sessions for ...
2026-05-11 20:16:54.557 [info] Getting sessions for all scopes...
2026-05-11 20:16:54.557 [info] Got 6 sessions for ...
2026-05-11 20:18:23.339 [info] Getting sessions for all scopes...
2026-05-11 20:18:23.339 [info] Got 6 sessions for ...
2026-05-11 20:18:23.371 [info] Getting sessions for all scopes...
2026-05-11 20:18:23.371 [info] Got 6 sessions for ...
2026-05-11 20:20:14.574 [info] Getting sessions for all scopes...
2026-05-11 20:20:14.574 [info] Got 6 sessions for ...
2026-05-11 20:20:14.608 [info] Getting sessions for all scopes...
2026-05-11 20:20:14.608 [info] Got 6 sessions for ...
2026-05-11 20:21:42.059 [info] Getting sessions for all scopes...
2026-05-11 20:21:42.059 [info] Got 6 sessions for ...
2026-05-11 20:21:42.091 [info] Getting sessions for all scopes...
2026-05-11 20:21:42.091 [info] Got 6 sessions for ...
2026-05-11 20:23:14.424 [info] Getting sessions for all scopes...
2026-05-11 20:23:14.424 [info] Got 6 sessions for ...
2026-05-11 20:23:14.443 [info] Getting sessions for all scopes...
2026-05-11 20:23:14.508 [info] Got 6 sessions for ...
2026-05-11 20:23:15.280 [info] Getting sessions for read:user,repo,user:email,workflow...
2026-05-11 20:23:15.280 [info] Got 1 sessions for read:user,repo,user:email,workflow...
2026-05-11 20:23:15.576 [info] Getting sessions for all scopes...
2026-05-11 20:23:15.580 [info] Got 6 sessions for ...
2026-05-11 20:23:16.695 [info] Getting sessions for user:email...
2026-05-11 20:23:16.695 [info] Got 1 sessions for user:email...
2026-05-11 20:23:16.734 [info] Getting sessions for read:user,repo,user:email,workflow...
2026-05-11 20:23:16.742 [info] Got 1 sessions for read:user,repo,user:email,workflow...
2026-05-11 20:23:19.174 [info] Getting sessions for all scopes...
2026-05-11 20:23:19.174 [info] Got 6 sessions for ...
2026-05-11 20:23:19.174 [info] Getting sessions for all scopes...
2026-05-11 20:23:19.174 [info] Got 6 sessions for ...
2026-05-11 20:23:19.308 [info] Getting sessions for read:user,repo,user:email,workflow...
2026-05-11 20:23:19.308 [info] Got 1 sessions for read:user,repo,user:email,workflow...
2026-05-11 20:23:19.688 [info] Getting sessions for all scopes...
2026-05-11 20:23:19.689 [info] Got 6 sessions for ...
2026-05-11 20:23:19.947 [info] Getting sessions for all scopes...
2026-05-11 20:23:19.948 [info] Got 6 sessions for ...
2026-05-11 20:23:19.948 [info] Getting sessions for all scopes...
2026-05-11 20:23:19.948 [info] Got 6 sessions for ...
2026-05-11 20:23:19.948 [info] Getting sessions for all scopes...
2026-05-11 20:23:19.948 [info] Got 6 sessions for ...
2026-05-11 20:23:20.158 [info] Getting sessions for read:user,repo,user:email,workflow...
2026-05-11 20:23:20.158 [info] Got 1 sessions for read:user,repo,user:email,workflow...
2026-05-11 20:23:20.865 [info] Getting sessions for all scopes...
2026-05-11 20:23:20.865 [info] Got 6 sessions for ...
2026-05-11 20:23:21.127 [info] Getting sessions for read:user,repo,user:email,workflow...
2026-05-11 20:23:21.127 [info] Got 1 sessions for read:user,repo,user:email,workflow...
2026-05-11 20:23:21.798 [info] Getting sessions for all scopes...
2026-05-11 20:23:21.798 [info] Got 6 sessions for ...
2026-05-11 20:23:21.908 [info] Getting sessions for read:user,repo,user:email,workflow...
2026-05-11 20:23:21.908 [info] Got 1 sessions for read:user,repo,user:email,workflow...
2026-05-11 20:23:39.792 [info] Getting sessions for all scopes...
2026-05-11 20:23:39.792 [info] Got 6 sessions for ...
2026-05-11 20:23:39.823 [info] Getting sessions for all scopes...
2026-05-11 20:23:39.823 [info] Got 6 sessions for ...
2026-05-11 20:25:08.608 [info] Getting sessions for all scopes...
2026-05-11 20:25:08.609 [info] Got 6 sessions for ...
2026-05-11 20:25:08.641 [info] Getting sessions for all scopes...
2026-05-11 20:25:08.641 [info] Got 6 sessions for ...
2026-05-11 20:26:03.208 [info] Getting sessions for all scopes...
2026-05-11 20:26:03.208 [info] Got 6 sessions for ...
2026-05-11 20:26:03.300 [info] Getting sessions for read:user,repo,user:email,workflow...
2026-05-11 20:26:03.300 [info] Got 1 sessions for read:user,repo,user:email,workflow...
2026-05-11 20:27:27.116 [info] Getting sessions for all scopes...
2026-05-11 20:27:27.116 [info] Got 6 sessions for ...
2026-05-11 20:27:27.148 [info] Getting sessions for all scopes...
2026-05-11 20:27:27.148 [info] Got 6 sessions for ...
2026-05-11 20:29:39.723 [info] Getting sessions for all scopes...
2026-05-11 20:29:39.723 [info] Got 6 sessions for ...
2026-05-11 20:29:39.756 [info] Getting sessions for all scopes...
2026-05-11 20:29:39.756 [info] Got 6 sessions for ...
2026-05-11 20:33:15.570 [info] Getting sessions for all scopes...
2026-05-11 20:33:15.570 [info] Got 6 sessions for ...
2026-05-11 20:33:15.602 [info] Getting sessions for all scopes...
2026-05-11 20:33:15.602 [info] Got 6 sessions for ...
2026-05-11 20:33:19.972 [info] Getting sessions for all scopes...
2026-05-11 20:33:19.972 [info] Got 6 sessions for ...
2026-05-11 20:33:20.076 [info] Getting sessions for read:user,repo,user:email,workflow...
2026-05-11 20:33:20.076 [info] Got 1 sessions for read:user,repo,user:email,workflow...
2026-05-11 20:33:49.443 [info] Getting sessions for all scopes...
2026-05-11 20:33:49.443 [info] Got 6 sessions for ...
2026-05-11 20:33:49.474 [info] Getting sessions for all scopes...
2026-05-11 20:33:49.474 [info] Got 6 sessions for ...
2026-05-11 20:33:52.346 [info] Getting sessions for all scopes...
2026-05-11 20:33:52.346 [info] Got 6 sessions for ...
2026-05-11 20:33:52.378 [info] Getting sessions for all scopes...
2026-05-11 20:33:52.378 [info] Got 6 sessions for ...
2026-05-11 20:36:04.653 [info] Getting sessions for all scopes...
2026-05-11 20:36:04.653 [info] Got 6 sessions for ...
2026-05-11 20:36:04.745 [info] Getting sessions for read:user,repo,user:email,workflow...
2026-05-11 20:36:04.745 [info] Got 1 sessions for read:user,repo,user:email,workflow...
2026-05-11 20:48:04.622 [info] Getting sessions for all scopes...
2026-05-11 20:48:04.622 [info] Got 6 sessions for ...
2026-05-11 20:49:07.417 [info] Getting sessions for read:user,repo,user:email,workflow...
2026-05-11 20:49:07.417 [info] Got 1 sessions for read:user,repo,user:email,workflow...
2026-05-11 20:49:07.434 [info] Getting sessions for all scopes...
2026-05-11 20:49:07.434 [info] Got 6 sessions for ...
2026-05-11 20:49:07.467 [info] Getting sessions for all scopes...
2026-05-11 20:49:07.467 [info] Got 6 sessions for ...
2026-05-11 20:52:14.100 [info] Getting sessions for all scopes...
2026-05-11 20:52:14.100 [info] Got 6 sessions for ...
2026-05-11 20:52:14.131 [info] Getting sessions for all scopes...
2026-05-11 20:52:14.131 [info] Got 6 sessions for ...
2026-05-11 20:53:01.169 [info] Getting sessions for all scopes...
2026-05-11 20:53:01.169 [info] Got 6 sessions for ...
2026-05-11 20:53:01.201 [info] Getting sessions for all scopes...
2026-05-11 20:53:01.201 [info] Got 6 sessions for ...
2026-05-11 20:53:07.480 [info] Getting sessions for all scopes...
2026-05-11 20:53:07.480 [info] Got 6 sessions for ...
2026-05-11 20:53:07.574 [info] Getting sessions for read:user,repo,user:email,workflow...
2026-05-11 20:53:07.574 [info] Got 1 sessions for read:user,repo,user:email,workflow...
2026-05-11 20:53:08.603 [info] Getting sessions for all scopes...
2026-05-11 20:53:08.603 [info] Got 6 sessions for ...
2026-05-11 20:53:08.603 [info] Getting sessions for all scopes...
2026-05-11 20:53:08.603 [info] Got 6 sessions for ...
2026-05-11 20:53:08.708 [info] Getting sessions for read:user,repo,user:email,workflow...
2026-05-11 20:53:08.708 [info] Got 1 sessions for read:user,repo,user:email,workflow...
2026-05-11 20:53:08.839 [info] Getting sessions for all scopes...
2026-05-11 20:53:08.839 [info] Got 6 sessions for ...
2026-05-11 20:53:08.930 [info] Getting sessions for read:user,repo,user:email,workflow...
2026-05-11 20:53:08.930 [info] Got 1 sessions for read:user,repo,user:email,workflow...
2026-05-11 20:53:09.304 [info] Getting sessions for all scopes...
2026-05-11 20:53:09.304 [info] Got 6 sessions for ...
2026-05-11 20:53:09.397 [info] Getting sessions for read:user,repo,user:email,workflow...
2026-05-11 20:53:09.397 [info] Got 1 sessions for read:user,repo,user:email,workflow...
2026-05-11 20:56:04.979 [info] Getting sessions for all scopes...
2026-05-11 20:56:04.979 [info] Got 6 sessions for ...
2026-05-11 20:56:05.010 [info] Getting sessions for all scopes...
2026-05-11 20:56:05.010 [info] Got 6 sessions for ...
2026-05-11 20:56:06.054 [info] Getting sessions for all scopes...
2026-05-11 20:56:06.054 [info] Got 6 sessions for ...
2026-05-11 20:56:06.148 [info] Getting sessions for read:user,repo,user:email,workflow...
2026-05-11 20:56:06.148 [info] Got 1 sessions for read:user,repo,user:email,workflow...
2026-05-11 20:57:34.509 [info] Getting sessions for all scopes...
2026-05-11 20:57:34.509 [info] Got 6 sessions for ...
2026-05-11 20:57:34.541 [info] Getting sessions for all scopes...
2026-05-11 20:57:34.541 [info] Got 6 sessions for ...
2026-05-11 20:59:08.032 [info] Getting sessions for all scopes...
2026-05-11 20:59:08.032 [info] Got 6 sessions for ...
2026-05-11 20:59:08.065 [info] Getting sessions for all scopes...
2026-05-11 20:59:08.065 [info] Got 6 sessions for ...
2026-05-11 21:00:15.645 [info] Getting sessions for all scopes...
2026-05-11 21:00:15.645 [info] Got 6 sessions for ...
2026-05-11 21:00:15.677 [info] Getting sessions for all scopes...
2026-05-11 21:00:15.677 [info] Got 6 sessions for ...
2026-05-11 21:00:20.610 [info] Getting sessions for all scopes...
2026-05-11 21:00:20.610 [info] Got 6 sessions for ...
2026-05-11 21:00:20.762 [info] Getting sessions for read:user,repo,user:email,workflow...
2026-05-11 21:00:20.762 [info] Got 1 sessions for read:user,repo,user:email,workflow...
2026-05-11 21:00:22.105 [info] Getting sessions for all scopes...
2026-05-11 21:00:22.105 [info] Got 6 sessions for ...
2026-05-11 21:00:22.230 [info] Getting sessions for read:user,repo,user:email,workflow...
2026-05-11 21:00:22.230 [info] Got 1 sessions for read:user,repo,user:email,workflow...
2026-05-11 21:01:45.005 [info] Getting sessions for all scopes...
2026-05-11 21:01:45.005 [info] Got 6 sessions for ...
2026-05-11 21:01:45.037 [info] Getting sessions for all scopes...
2026-05-11 21:01:45.037 [info] Got 6 sessions for ...
2026-05-11 21:01:50.482 [info] Getting sessions for all scopes...
2026-05-11 21:01:50.482 [info] Got 6 sessions for ...
2026-05-11 21:01:50.590 [info] Getting sessions for read:user,repo,user:email,workflow...
2026-05-11 21:01:50.590 [info] Got 1 sessions for read:user,repo,user:email,workflow...
2026-05-11 21:02:26.459 [info] Getting sessions for all scopes...
2026-05-11 21:02:26.459 [info] Got 6 sessions for ...
2026-05-11 21:02:26.556 [info] Getting sessions for read:user,repo,user:email,workflow...
2026-05-11 21:02:26.556 [info] Got 1 sessions for read:user,repo,user:email,workflow...
2026-05-11 21:04:16.753 [info] Getting sessions for all scopes...
2026-05-11 21:04:16.753 [info] Got 6 sessions for ...
2026-05-11 21:04:16.785 [info] Getting sessions for all scopes...
2026-05-11 21:04:16.785 [info] Got 6 sessions for ...
2026-05-11 21:05:13.842 [info] Getting sessions for all scopes...
2026-05-11 21:05:13.842 [info] Got 6 sessions for ...
2026-05-11 21:05:13.871 [info] Getting sessions for all scopes...
2026-05-11 21:05:13.871 [info] Got 6 sessions for ...
2026-05-11 21:05:43.586 [info] Getting sessions for all scopes...
2026-05-11 21:05:43.586 [info] Got 6 sessions for ...
2026-05-11 21:05:43.618 [info] Getting sessions for all scopes...
2026-05-11 21:05:43.618 [info] Got 6 sessions for ...
2026-05-11 21:06:02.334 [info] Getting sessions for all scopes...
2026-05-11 21:06:02.334 [info] Got 6 sessions for ...
2026-05-11 21:06:02.433 [info] Getting sessions for all scopes...
2026-05-11 21:06:02.433 [info] Got 6 sessions for ...
2026-05-11 21:06:06.051 [info] Getting sessions for all scopes...
2026-05-11 21:06:06.051 [info] Got 6 sessions for ...
2026-05-11 21:06:06.149 [info] Getting sessions for read:user,repo,user:email,workflow...
2026-05-11 21:06:06.149 [info] Got 1 sessions for read:user,repo,user:email,workflow...
2026-05-11 21:06:49.767 [info] Getting sessions for all scopes...
2026-05-11 21:06:49.767 [info] Got 6 sessions for ...
2026-05-11 21:06:49.797 [info] Getting sessions for all scopes...
2026-05-11 21:06:49.797 [info] Got 6 sessions for ...
2026-05-11 21:09:21.596 [info] Getting sessions for all scopes...
2026-05-11 21:09:21.596 [info] Got 6 sessions for ...
2026-05-11 21:09:21.628 [info] Getting sessions for all scopes...
2026-05-11 21:09:21.628 [info] Got 6 sessions for ...
2026-05-11 21:10:37.203 [info] Getting sessions for all scopes...
2026-05-11 21:10:37.203 [info] Got 6 sessions for ...
2026-05-11 21:10:37.235 [info] Getting sessions for all scopes...
2026-05-11 21:10:37.235 [info] Got 6 sessions for ...
2026-05-11 21:13:22.277 [info] Getting sessions for all scopes...
2026-05-11 21:13:22.277 [info] Got 6 sessions for ...
2026-05-11 21:13:22.315 [info] Getting sessions for all scopes...
2026-05-11 21:13:22.315 [info] Got 6 sessions for ...
2026-05-11 21:14:53.902 [info] Getting sessions for all scopes...
2026-05-11 21:14:53.902 [info] Got 6 sessions for ...
2026-05-11 21:14:53.932 [info] Getting sessions for all scopes...
2026-05-11 21:14:53.932 [info] Got 6 sessions for ...
2026-05-11 21:15:00.624 [info] Getting sessions for all scopes...
2026-05-11 21:15:00.624 [info] Got 6 sessions for ...
2026-05-11 21:15:00.656 [info] Getting sessions for all scopes...
2026-05-11 21:15:00.656 [info] Got 6 sessions for ...
2026-05-11 21:15:24.306 [info] Getting sessions for all scopes...
2026-05-11 21:15:24.306 [info] Got 6 sessions for ...
2026-05-11 21:15:24.337 [info] Getting sessions for all scopes...
2026-05-11 21:15:24.338 [info] Got 6 sessions for ...
2026-05-11 21:16:06.054 [info] Getting sessions for all scopes...
2026-05-11 21:16:06.054 [info] Got 6 sessions for ...
2026-05-11 21:16:06.154 [info] Getting sessions for read:user,repo,user:email,workflow...
2026-05-11 21:16:06.154 [info] Got 1 sessions for read:user,repo,user:email,workflow...
2026-05-11 21:17:02.814 [info] Getting sessions for all scopes...
2026-05-11 21:17:02.814 [info] Got 6 sessions for ...
2026-05-11 21:17:02.845 [info] Getting sessions for all scopes...
2026-05-11 21:17:02.845 [info] Got 6 sessions for ...
