2026-05-11 19:17:14.176 [warning] /home/codespace/.ssh/config: ENOENT: no such file or directory, open '/home/codespace/.ssh/config'
2026-05-11 19:17:14.176 [info] [Activation] Extension version: 0.142.0
2026-05-11 19:17:15.390 [info] [Authentication] Creating hub for .com
2026-05-11 19:17:15.912 [info] [Activation] Registering built in git provider.
2026-05-11 19:17:15.912 [info] [Activation] Looking for git repository
2026-05-11 19:17:15.912 [info] [Activation] Found 0 repositories during activation
2026-05-11 19:17:15.912 [info] [Activation] Git repository found, initializing review manager and pr tree view.
2026-05-11 19:17:16.004 [info] [GitAPI] Registering git provider
2026-05-11 19:17:16.004 [info] [Review+0] Validate state in progress
2026-05-11 19:17:16.004 [info] [Review+0] Validating state...
2026-05-11 19:17:16.304 [info] [Activation] Repo state for file:///workspaces/jazz changed.
2026-05-11 19:17:16.304 [info] [Activation] Repo file:///workspaces/jazz has already been setup.
2026-05-11 19:17:16.364 [info] [FolderRepositoryManager+0] Found GitHub remote for folder /workspaces/jazz
2026-05-11 19:17:16.687 [info] [GitPostCommitCommands] Trying to register post commit commands.
2026-05-11 19:17:16.687 [info] [GitPostCommitCommands] GitHub remote(s) found, registering post commit commands.
2026-05-11 19:17:16.687 [info] [GitPostCommitCommands] Looking for remote. Comparing 1 local repo remotes with 1 GitHub repositories.
2026-05-11 19:17:16.687 [info] [GitPostCommitCommands] Found a repo when getting post commit commands.
2026-05-11 19:17:16.687 [info] [GitPostCommitCommands] Looking for remote. Comparing 1 local repo remotes with 1 GitHub repositories.
2026-05-11 19:17:16.687 [info] [GitPostCommitCommands] Found a repo when getting post commit commands.
2026-05-11 19:17:17.804 [info] [FolderRepositoryManager+0] Trying to use globalState for assignableUsers.
2026-05-11 19:17:17.804 [info] [FolderRepositoryManager+0] First activation: associating local branches with PRs
2026-05-11 19:17:17.899 [info] [Review+0] No matching pull request metadata found locally for current branch main
2026-05-11 19:17:18.390 [info] [GitPostCommitCommands] Looking for remote. Comparing 1 local repo remotes with 1 GitHub repositories.
2026-05-11 19:17:18.390 [info] [GitPostCommitCommands] Found a repo when getting post commit commands.
2026-05-11 19:17:18.390 [info] [GitPostCommitCommands] Looking for remote. Comparing 1 local repo remotes with 1 GitHub repositories.
2026-05-11 19:17:18.390 [info] [GitPostCommitCommands] Found a repo when getting post commit commands.
2026-05-11 19:17:18.501 [info] [FolderRepositoryManager+0] GlobalState does not exist for assignableUsers.
2026-05-11 19:17:19.558 [info] [FolderRepositoryManager+0] Branch association complete: 0 branches associated with PRs
2026-05-11 19:17:19.562 [info] [Review+0] No matching pull request metadata found on GitHub for current branch main
2026-05-11 19:17:24.821 [info] [GitPostCommitCommands] Looking for remote. Comparing 1 local repo remotes with 1 GitHub repositories.
2026-05-11 19:17:24.822 [info] [GitPostCommitCommands] Found a repo when getting post commit commands.
2026-05-11 19:17:24.822 [info] [GitPostCommitCommands] Looking for remote. Comparing 1 local repo remotes with 1 GitHub repositories.
2026-05-11 19:17:24.822 [info] [GitPostCommitCommands] Found a repo when getting post commit commands.
2026-05-11 19:17:30.004 [info] [GitPostCommitCommands] Looking for remote. Comparing 1 local repo remotes with 1 GitHub repositories.
2026-05-11 19:17:30.004 [info] [GitPostCommitCommands] Found a repo when getting post commit commands.
2026-05-11 19:17:30.004 [info] [GitPostCommitCommands] Looking for remote. Comparing 1 local repo remotes with 1 GitHub repositories.
2026-05-11 19:17:30.004 [info] [GitPostCommitCommands] Found a repo when getting post commit commands.
2026-05-11 19:22:16.003 [info] [Review+0] Polling for state change...
2026-05-11 19:22:16.003 [info] [Review+0] Validate state in progress
2026-05-11 19:22:16.003 [info] [Review+0] Validating state...
2026-05-11 19:22:33.948 [info] [FolderRepositoryManager+0] Found GitHub remote for folder /workspaces/jazz
2026-05-11 19:22:33.949 [info] [FolderRepositoryManager+0] Using in-memory cached assignable users.
2026-05-11 19:22:33.961 [info] [Review+0] No matching pull request metadata found locally for current branch main
2026-05-11 19:22:35.026 [info] [Review+0] No matching pull request metadata found on GitHub for current branch main
2026-05-11 19:27:35.118 [info] [Review+0] Polling for state change...
2026-05-11 19:27:35.118 [info] [Review+0] Validate state in progress
2026-05-11 19:27:35.118 [info] [Review+0] Validating state...
2026-05-11 19:28:04.630 [info] [FolderRepositoryManager+0] Found GitHub remote for folder /workspaces/jazz
2026-05-11 19:28:04.631 [info] [FolderRepositoryManager+0] Using in-memory cached assignable users.
2026-05-11 19:28:04.645 [info] [Review+0] No matching pull request metadata found locally for current branch main
2026-05-11 19:28:19.238 [info] [Review+0] No matching pull request metadata found on GitHub for current branch main
2026-05-11 19:33:19.333 [info] [Review+0] Polling for state change...
2026-05-11 19:33:19.333 [info] [Review+0] Validate state in progress
2026-05-11 19:33:19.333 [info] [Review+0] Validating state...
2026-05-11 19:34:04.626 [info] [FolderRepositoryManager+0] Found GitHub remote for folder /workspaces/jazz
2026-05-11 19:34:04.626 [info] [FolderRepositoryManager+0] Using in-memory cached assignable users.
2026-05-11 19:34:04.636 [info] [Review+0] No matching pull request metadata found locally for current branch main
2026-05-11 19:34:35.662 [info] [Review+0] No matching pull request metadata found on GitHub for current branch main
2026-05-11 19:39:35.760 [info] [Review+0] Polling for state change...
2026-05-11 19:39:35.760 [info] [Review+0] Validate state in progress
2026-05-11 19:39:35.760 [info] [Review+0] Validating state...
2026-05-11 19:39:35.804 [info] [FolderRepositoryManager+0] Found GitHub remote for folder /workspaces/jazz
2026-05-11 19:39:35.805 [info] [FolderRepositoryManager+0] Using in-memory cached assignable users.
2026-05-11 19:39:35.817 [info] [Review+0] No matching pull request metadata found locally for current branch main
2026-05-11 19:39:36.818 [info] [Review+0] No matching pull request metadata found on GitHub for current branch main
2026-05-11 19:44:36.914 [info] [Review+0] Polling for state change...
2026-05-11 19:44:36.914 [info] [Review+0] Validate state in progress
2026-05-11 19:44:36.914 [info] [Review+0] Validating state...
2026-05-11 19:44:36.956 [info] [FolderRepositoryManager+0] Found GitHub remote for folder /workspaces/jazz
2026-05-11 19:44:36.957 [info] [FolderRepositoryManager+0] Using in-memory cached assignable users.
2026-05-11 19:44:36.971 [info] [Review+0] No matching pull request metadata found locally for current branch main
2026-05-11 19:44:38.043 [info] [Review+0] No matching pull request metadata found on GitHub for current branch main
2026-05-11 19:49:38.137 [info] [Review+0] Polling for state change...
2026-05-11 19:49:38.137 [info] [Review+0] Validate state in progress
2026-05-11 19:49:38.137 [info] [Review+0] Validating state...
2026-05-11 19:49:38.180 [info] [FolderRepositoryManager+0] Found GitHub remote for folder /workspaces/jazz
2026-05-11 19:49:38.181 [info] [FolderRepositoryManager+0] Using in-memory cached assignable users.
2026-05-11 19:49:38.196 [info] [Review+0] No matching pull request metadata found locally for current branch main
2026-05-11 19:49:39.225 [info] [Review+0] No matching pull request metadata found on GitHub for current branch main
2026-05-11 19:54:39.320 [info] [Review+0] Polling for state change...
2026-05-11 19:54:39.320 [info] [Review+0] Validate state in progress
2026-05-11 19:54:39.320 [info] [Review+0] Validating state...
2026-05-11 19:55:04.655 [info] [FolderRepositoryManager+0] Found GitHub remote for folder /workspaces/jazz
2026-05-11 19:55:04.694 [info] [FolderRepositoryManager+0] Using in-memory cached assignable users.
2026-05-11 19:55:04.703 [info] [Review+0] No matching pull request metadata found locally for current branch main
2026-05-11 19:55:14.911 [info] [Review+0] No matching pull request metadata found on GitHub for current branch main
2026-05-11 20:00:15.002 [info] [Review+0] Polling for state change...
2026-05-11 20:00:15.002 [info] [Review+0] Validate state in progress
2026-05-11 20:00:15.002 [info] [Review+0] Validating state...
2026-05-11 20:00:17.735 [info] [FolderRepositoryManager+0] Found GitHub remote for folder /workspaces/jazz
2026-05-11 20:00:17.736 [info] [FolderRepositoryManager+0] Using in-memory cached assignable users.
2026-05-11 20:00:17.759 [info] [Review+0] No matching pull request metadata found locally for current branch main
2026-05-11 20:00:18.853 [info] [Review+0] No matching pull request metadata found on GitHub for current branch main
2026-05-11 20:05:18.951 [info] [Review+0] Polling for state change...
2026-05-11 20:05:18.951 [info] [Review+0] Validate state in progress
2026-05-11 20:05:18.951 [info] [Review+0] Validating state...
2026-05-11 20:05:19.629 [info] [FolderRepositoryManager+0] Found GitHub remote for folder /workspaces/jazz
2026-05-11 20:05:19.629 [info] [FolderRepositoryManager+0] Using in-memory cached assignable users.
2026-05-11 20:05:19.643 [info] [Review+0] No matching pull request metadata found locally for current branch main
2026-05-11 20:05:20.696 [info] [Review+0] No matching pull request metadata found on GitHub for current branch main
2026-05-11 20:10:20.802 [info] [Review+0] Polling for state change...
2026-05-11 20:10:20.802 [info] [Review+0] Validate state in progress
2026-05-11 20:10:20.802 [info] [Review+0] Validating state...
2026-05-11 20:11:04.617 [info] [FolderRepositoryManager+0] Found GitHub remote for folder /workspaces/jazz
2026-05-11 20:11:04.618 [info] [FolderRepositoryManager+0] Using in-memory cached assignable users.
2026-05-11 20:11:04.650 [info] [Review+0] No matching pull request metadata found locally for current branch main
2026-05-11 20:11:30.967 [info] [Review+0] No matching pull request metadata found on GitHub for current branch main
2026-05-11 20:16:31.066 [info] [Review+0] Polling for state change...
2026-05-11 20:16:31.067 [info] [Review+0] Validate state in progress
2026-05-11 20:16:31.067 [info] [Review+0] Validating state...
2026-05-11 20:18:31.069 [error] [Review+0] Timeout occurred while validating state.
