2026-05-11 19:17:13.940 [info] Reading sessions from keychain...
2026-05-11 19:17:13.940 [info] Got stored sessions!
2026-05-11 19:17:13.940 [info] Got 6 verified sessions.
2026-05-11 19:17:13.940 [info] Getting sessions for all scopes...
2026-05-11 19:17:13.940 [info] Got 6 sessions for ...
2026-05-11 19:17:13.940 [info] Getting sessions for all scopes...
2026-05-11 19:17:13.940 [info] Got 6 sessions for ...
2026-05-11 19:17:13.940 [info] Getting sessions for all scopes...
2026-05-11 19:17:13.940 [info] Got 6 sessions for ...
2026-05-11 19:17:13.940 [info] Getting sessions for all scopes...
2026-05-11 19:17:13.940 [info] Got 6 sessions for ...
2026-05-11 19:17:13.940 [info] Getting sessions for user:email...
2026-05-11 19:17:13.940 [info] Got 1 sessions for user:email...
2026-05-11 19:17:13.940 [info] Getting sessions for all scopes...
2026-05-11 19:17:13.940 [info] Got 6 sessions for ...
2026-05-11 19:17:13.940 [info] Getting sessions for all scopes...
2026-05-11 19:17:13.940 [info] Got 6 sessions for ...
2026-05-11 19:17:13.940 [info] Getting sessions for codespace,read:user,repo,user:email...
2026-05-11 19:17:13.940 [info] Got 1 sessions for codespace,read:user,repo,user:email...
2026-05-11 19:17:13.940 [info] Getting sessions for all scopes...
2026-05-11 19:17:13.940 [info] Got 6 sessions for ...
2026-05-11 19:17:14.025 [info] Getting sessions for all scopes...
2026-05-11 19:17:14.025 [info] Got 6 sessions for ...
2026-05-11 19:17:14.272 [info] Getting sessions for all scopes...
2026-05-11 19:17:14.272 [info] Got 6 sessions for ...
2026-05-11 19:17:14.713 [info] Getting sessions for project,read:org,read:user,repo,user:email,workflow...
2026-05-11 19:17:14.713 [info] Got 0 sessions for project,read:org,read:user,repo,user:email,workflow...
2026-05-11 19:17:14.713 [info] Getting sessions for all scopes...
2026-05-11 19:17:14.713 [info] Got 6 sessions for ...
2026-05-11 19:17:14.820 [info] Getting sessions for all scopes...
2026-05-11 19:17:14.820 [info] Got 6 sessions for ...
2026-05-11 19:17:15.169 [info] Getting sessions for read:user,repo,user:email,workflow...
2026-05-11 19:17:15.169 [info] Got 1 sessions for read:user,repo,user:email,workflow...
2026-05-11 19:17:15.504 [info] Getting sessions for read:user,repo,user:email,workflow...
2026-05-11 19:17:15.504 [info] Got 1 sessions for read:user,repo,user:email,workflow...
2026-05-11 19:17:16.010 [info] FetcherService: Node fetch failed with status: 429 Too Many Requests
2026-05-11 19:17:16.016 [info] Unable to resolve optional EDU details. Status: 429 Too Many Requests
2026-05-11 19:22:34.065 [info] Getting sessions for all scopes...
2026-05-11 19:22:34.065 [info] Got 6 sessions for ...
2026-05-11 19:22:34.098 [info] Getting sessions for all scopes...
2026-05-11 19:22:34.098 [info] Got 6 sessions for ...
2026-05-11 19:22:38.425 [info] Getting sessions for all scopes...
2026-05-11 19:22:38.425 [info] Got 6 sessions for ...
2026-05-11 19:22:38.457 [info] Getting sessions for all scopes...
2026-05-11 19:22:38.457 [info] Got 6 sessions for ...
2026-05-11 19:24:44.577 [info] Getting sessions for all scopes...
2026-05-11 19:24:44.578 [info] Got 6 sessions for ...
2026-05-11 19:24:44.609 [info] Getting sessions for all scopes...
2026-05-11 19:24:44.609 [info] Got 6 sessions for ...
2026-05-11 19:28:18.322 [info] Getting sessions for all scopes...
2026-05-11 19:28:18.322 [info] Got 6 sessions for ...
2026-05-11 19:28:18.360 [info] Getting sessions for all scopes...
2026-05-11 19:28:18.361 [info] Got 6 sessions for ...
2026-05-11 19:31:03.352 [info] Getting sessions for all scopes...
2026-05-11 19:31:03.352 [info] Got 6 sessions for ...
2026-05-11 19:31:03.410 [info] Getting sessions for all scopes...
2026-05-11 19:31:03.410 [info] Got 6 sessions for ...
2026-05-11 19:34:34.789 [info] Getting sessions for all scopes...
2026-05-11 19:34:34.789 [info] Got 6 sessions for ...
2026-05-11 19:34:34.820 [info] Getting sessions for all scopes...
2026-05-11 19:34:34.820 [info] Got 6 sessions for ...
2026-05-11 19:38:15.500 [info] Getting sessions for all scopes...
2026-05-11 19:38:15.500 [info] Got 6 sessions for ...
2026-05-11 19:38:15.531 [info] Getting sessions for all scopes...
2026-05-11 19:38:15.531 [info] Got 6 sessions for ...
2026-05-11 19:43:39.421 [info] Getting sessions for all scopes...
2026-05-11 19:43:39.421 [info] Got 6 sessions for ...
2026-05-11 19:43:39.452 [info] Getting sessions for all scopes...
2026-05-11 19:43:39.452 [info] Got 6 sessions for ...
2026-05-11 19:45:48.897 [info] Getting sessions for all scopes...
2026-05-11 19:45:48.897 [info] Got 6 sessions for ...
2026-05-11 19:45:48.929 [info] Getting sessions for all scopes...
2026-05-11 19:45:48.929 [info] Got 6 sessions for ...
2026-05-11 19:47:52.525 [info] Getting sessions for all scopes...
2026-05-11 19:47:52.525 [info] Got 6 sessions for ...
2026-05-11 19:47:52.557 [info] Getting sessions for all scopes...
2026-05-11 19:47:52.557 [info] Got 6 sessions for ...
2026-05-11 19:50:16.861 [info] Getting sessions for all scopes...
2026-05-11 19:50:16.861 [info] Got 6 sessions for ...
2026-05-11 19:50:16.892 [info] Getting sessions for all scopes...
2026-05-11 19:50:16.892 [info] Got 6 sessions for ...
2026-05-11 19:52:26.516 [info] Getting sessions for all scopes...
2026-05-11 19:52:26.517 [info] Got 6 sessions for ...
2026-05-11 19:52:26.548 [info] Getting sessions for all scopes...
2026-05-11 19:52:26.548 [info] Got 6 sessions for ...
2026-05-11 19:55:14.532 [info] Getting sessions for all scopes...
2026-05-11 19:55:14.532 [info] Got 6 sessions for ...
2026-05-11 19:55:14.563 [info] Getting sessions for all scopes...
2026-05-11 19:55:14.563 [info] Got 6 sessions for ...
2026-05-11 19:56:57.556 [info] Getting sessions for all scopes...
2026-05-11 19:56:57.556 [info] Got 6 sessions for ...
2026-05-11 19:56:57.588 [info] Getting sessions for all scopes...
2026-05-11 19:56:57.588 [info] Got 6 sessions for ...
2026-05-11 19:58:10.060 [info] Getting sessions for all scopes...
2026-05-11 19:58:10.061 [info] Got 6 sessions for ...
2026-05-11 19:58:10.092 [info] Getting sessions for all scopes...
2026-05-11 19:58:10.092 [info] Got 6 sessions for ...
2026-05-11 20:00:17.887 [info] Getting sessions for all scopes...
2026-05-11 20:00:17.887 [info] Got 6 sessions for ...
2026-05-11 20:00:17.917 [info] Getting sessions for all scopes...
2026-05-11 20:00:17.917 [info] Got 6 sessions for ...
2026-05-11 20:04:25.412 [info] Getting sessions for all scopes...
2026-05-11 20:04:25.412 [info] Got 6 sessions for ...
2026-05-11 20:04:25.444 [info] Getting sessions for all scopes...
2026-05-11 20:04:25.444 [info] Got 6 sessions for ...
2026-05-11 20:11:30.084 [info] Getting sessions for all scopes...
2026-05-11 20:11:30.084 [info] Got 6 sessions for ...
2026-05-11 20:11:30.115 [info] Getting sessions for all scopes...
2026-05-11 20:11:30.115 [info] Got 6 sessions for ...
2026-05-11 20:13:55.242 [info] Getting sessions for all scopes...
2026-05-11 20:13:55.243 [info] Got 6 sessions for ...
2026-05-11 20:13:55.273 [info] Getting sessions for all scopes...
2026-05-11 20:13:55.273 [info] Got 6 sessions for ...
