2026-05-11 20:15:33.923 [info] [main] Log level: Info
2026-05-11 20:15:33.923 [info] [main] Validating found git in: "git"
2026-05-11 20:15:33.923 [info] [main] Using git "2.53.0" from "git"
2026-05-11 20:15:33.923 [info] [Model][doInitialScan] Initial repository scan started
2026-05-11 20:15:33.923 [info] > git rev-parse --show-toplevel [440ms]
2026-05-11 20:15:33.930 [info] > git rev-parse --git-dir --git-common-dir --show-superproject-working-tree [531ms]
2026-05-11 20:15:34.420 [info] [Model][openRepository] Opened repository (path): /workspaces/jazz
2026-05-11 20:15:34.420 [info] [Model][openRepository] Opened repository (real path): /workspaces/jazz
2026-05-11 20:15:34.420 [info] [Model][openRepository] Opened repository (kind): repository
2026-05-11 20:15:34.683 [info] > git rev-parse --show-toplevel [149ms]
2026-05-11 20:15:34.685 [info] > git config --get commit.template [174ms]
2026-05-11 20:15:34.957 [info] > git rev-parse --git-dir --git-common-dir --show-superproject-working-tree [218ms]
2026-05-11 20:15:35.081 [info] > git for-each-ref --format=%(refname)%00%(upstream:short)%00%(objectname)%00%(upstream:track)%00%(upstream:remotename)%00%(upstream:remoteref) refs/heads/main refs/remotes/main [192ms]
2026-05-11 20:15:35.106 [warning] [Git][revParse] Unable to read file: ENOENT: no such file or directory, open '/workspaces/jazz/.git/refs/remotes/origin/main'
2026-05-11 20:15:35.153 [info] > git check-ignore -v -z --stdin [14ms]
2026-05-11 20:15:35.154 [info] > git rev-parse refs/remotes/origin/main [48ms]
2026-05-11 20:15:35.201 [info] > git status -z -uall [32ms]
2026-05-11 20:15:35.206 [info] > git for-each-ref --sort -committerdate --format %(refname)%00%(objectname)%00%(*objectname) [15ms]
2026-05-11 20:15:35.339 [info] [Model][openRepository] Opened repository (path): /workspaces/jazz/jazz-language-atlas
2026-05-11 20:15:35.339 [info] [Model][openRepository] Opened repository (real path): /workspaces/jazz/jazz-language-atlas
2026-05-11 20:15:35.339 [info] [Model][openRepository] Opened repository (kind): repository
2026-05-11 20:15:35.389 [info] [Model][doInitialScan] Initial repository scan completed - repositories (2), closed repositories (0), parent repositories (0), unsafe repositories (0)
2026-05-11 20:15:35.427 [info] > git for-each-ref --format=%(refname)%00%(upstream:short)%00%(objectname)%00%(upstream:track)%00%(upstream:remotename)%00%(upstream:remoteref) refs/heads/main refs/remotes/main [148ms]
2026-05-11 20:15:35.471 [info] > git config --local -l [54ms]
2026-05-11 20:15:35.481 [info] > git config --get commit.template [161ms]
2026-05-11 20:15:35.484 [info] > git config --get commit.template [14ms]
2026-05-11 20:15:35.484 [info] > git config --get --local branch.main.vscode-merge-base [38ms]
2026-05-11 20:15:35.676 [info] [Git][getRemotes] No remotes found in the git config file
2026-05-11 20:15:35.696 [info] > git for-each-ref --format=%(refname)%00%(upstream:short)%00%(objectname)%00%(upstream:track)%00%(upstream:remotename)%00%(upstream:remoteref) refs/heads/main refs/remotes/main [129ms]
2026-05-11 20:15:35.698 [info] > git for-each-ref --format=%(refname)%00%(upstream:short)%00%(objectname)%00%(upstream:track)%00%(upstream:remotename)%00%(upstream:remoteref) refs/heads/origin/main refs/remotes/origin/main [189ms]
2026-05-11 20:15:35.746 [warning] [Git][revParse] Unable to read file: ENOENT: no such file or directory, open '/workspaces/jazz/.git/refs/remotes/origin/main'
2026-05-11 20:15:35.905 [info] > git for-each-ref --format=%(refname)%00%(upstream:short)%00%(objectname)%00%(upstream:track)%00%(upstream:remotename)%00%(upstream:remoteref) refs/heads/main refs/remotes/main [230ms]
2026-05-11 20:15:35.971 [info] > git status -z -uall [47ms]
2026-05-11 20:15:35.971 [info] > git for-each-ref --sort -committerdate --format %(refname)%00%(objectname)%00%(*objectname) [24ms]
2026-05-11 20:15:35.997 [info] > git rev-parse refs/remotes/origin/main [251ms]
2026-05-11 20:15:36.021 [info] > git merge-base refs/heads/main refs/remotes/origin/main [300ms]
2026-05-11 20:15:36.181 [info] > git status -z -uall [173ms]
2026-05-11 20:15:36.182 [info] > git for-each-ref --sort -committerdate --format %(refname)%00%(objectname)%00%(*objectname) [161ms]
2026-05-11 20:15:36.213 [info] > git for-each-ref --format=%(refname)%00%(upstream:short)%00%(objectname)%00%(upstream:track)%00%(upstream:remotename)%00%(upstream:remoteref) refs/heads/main refs/remotes/main [221ms]
2026-05-11 20:15:36.484 [info] > git check-ignore -v -z --stdin [237ms]
2026-05-11 20:15:36.485 [info] > git check-ignore -v -z --stdin [213ms]
2026-05-11 20:15:36.486 [info] > git config --get --local branch.main.vscode-merge-base [258ms]
2026-05-11 20:15:36.486 [warning] [Git][config] git config failed: Failed to execute git
2026-05-11 20:15:36.499 [info] > git merge-base refs/heads/main refs/remotes/origin/main [291ms]
2026-05-11 20:15:36.515 [info] > git config --get commit.template [446ms]
2026-05-11 20:15:36.515 [info] > git diff --raw --numstat --diff-filter=ADMR -z --find-renames=50% f091879c6628cfc58854090bb0459ab30a2dfa3d...refs/remotes/origin/main -- [483ms]
2026-05-11 20:15:36.526 [info] > git diff --raw --numstat --diff-filter=ADMR -z --find-renames=50% f091879c6628cfc58854090bb0459ab30a2dfa3d...refs/remotes/origin/main -- [12ms]
2026-05-11 20:15:36.526 [info] > git reflog main --grep-reflog=branch: Created from *. [27ms]
2026-05-11 20:15:36.527 [info] > git config --local -l [51ms]
2026-05-11 20:15:36.549 [info] [Git][getRemotes] No remotes found in the git config file
2026-05-11 20:15:36.568 [info] > git for-each-ref --format=%(refname)%00%(upstream:short)%00%(objectname)%00%(upstream:track)%00%(upstream:remotename)%00%(upstream:remoteref) refs/heads/main refs/remotes/main [19ms]
2026-05-11 20:15:36.602 [info] > git config --get --local branch.main.remote [64ms]
2026-05-11 20:15:36.602 [warning] [Git][config] git config failed: Failed to execute git
2026-05-11 20:15:36.620 [info] > git status -z -uall [40ms]
2026-05-11 20:15:36.620 [info] > git for-each-ref --sort -committerdate --format %(refname)%00%(objectname)%00%(*objectname) [19ms]
2026-05-11 20:15:36.639 [info] > git config --get --local branch.main.merge [22ms]
2026-05-11 20:15:36.640 [warning] [Git][config] git config failed: Failed to execute git
2026-05-11 20:15:36.717 [info] > git check-ignore -v -z --stdin [3ms]
2026-05-11 20:15:36.826 [info] > git show --textconv :data/glossary.js [9ms]
2026-05-11 20:15:36.852 [info] > git ls-files --stage -- data/glossary.js [27ms]
2026-05-11 20:15:36.957 [info] > git config --local -l [68ms]
2026-05-11 20:15:36.964 [info] > git cat-file -s 25f6ba05151b7730984a91257df2cc4d4928871c [100ms]
2026-05-11 20:15:39.628 [info] > git check-ignore -v -z --stdin [5ms]
2026-05-11 20:15:39.755 [info] > git blame --root --incremental 3c7e758fad38b1eeffe33c36aef417ab4bac026c -- data/glossary.js [17ms]
2026-05-11 20:15:41.735 [info] > git config --get commit.template [5ms]
2026-05-11 20:15:41.738 [info] > git config --get commit.template [25ms]
2026-05-11 20:15:41.807 [info] [Git][getRemotes] No remotes found in the git config file
2026-05-11 20:15:41.815 [info] > git for-each-ref --format=%(refname)%00%(upstream:short)%00%(objectname)%00%(upstream:track)%00%(upstream:remotename)%00%(upstream:remoteref) refs/heads/main refs/remotes/main [12ms]
2026-05-11 20:15:41.815 [info] > git for-each-ref --format=%(refname)%00%(upstream:short)%00%(objectname)%00%(upstream:track)%00%(upstream:remotename)%00%(upstream:remoteref) refs/heads/main refs/remotes/main [41ms]
2026-05-11 20:15:41.875 [warning] [Git][revParse] Unable to read file: ENOENT: no such file or directory, open '/workspaces/jazz/.git/refs/remotes/origin/main'
2026-05-11 20:15:41.991 [info] > git status -z -uall [155ms]
2026-05-11 20:15:41.992 [info] > git rev-parse refs/remotes/origin/main [117ms]
2026-05-11 20:15:42.032 [info] > git for-each-ref --sort -committerdate --format %(refname)%00%(objectname)%00%(*objectname) [174ms]
2026-05-11 20:15:42.060 [info] > git status -z -uall [54ms]
2026-05-11 20:15:42.063 [info] > git for-each-ref --sort -committerdate --format %(refname)%00%(objectname)%00%(*objectname) [32ms]
2026-05-11 20:15:42.803 [info] > git check-ignore -v -z --stdin [24ms]
2026-05-11 20:15:46.707 [info] > git ls-files --stage -- data/glossary.js [2ms]
2026-05-11 20:15:46.723 [info] > git cat-file -s 6d2097b905bcc6a7e77db92f98a4c140f1410d0f [3ms]
2026-05-11 20:15:46.773 [info] > git show --textconv :data/glossary.js [3ms]
2026-05-11 20:15:47.082 [info] > git check-ignore -v -z --stdin [18ms]
2026-05-11 20:15:47.102 [info] > git config --get commit.template [23ms]
2026-05-11 20:15:47.117 [info] [Git][getRemotes] No remotes found in the git config file
2026-05-11 20:15:47.117 [info] > git config --get commit.template [15ms]
2026-05-11 20:15:47.169 [info] > git for-each-ref --format=%(refname)%00%(upstream:short)%00%(objectname)%00%(upstream:track)%00%(upstream:remotename)%00%(upstream:remoteref) refs/heads/main refs/remotes/main [53ms]
2026-05-11 20:15:47.209 [info] > git status -z -uall [24ms]
2026-05-11 20:15:47.209 [info] > git for-each-ref --format=%(refname)%00%(upstream:short)%00%(objectname)%00%(upstream:track)%00%(upstream:remotename)%00%(upstream:remoteref) refs/heads/main refs/remotes/main [77ms]
2026-05-11 20:15:47.210 [info] > git for-each-ref --sort -committerdate --format %(refname)%00%(objectname)%00%(*objectname) [4ms]
2026-05-11 20:15:47.281 [warning] [Git][revParse] Unable to read file: ENOENT: no such file or directory, open '/workspaces/jazz/.git/refs/remotes/origin/main'
2026-05-11 20:15:47.283 [info] > git config --local -l [25ms]
2026-05-11 20:15:47.308 [info] > git blame --root --incremental 06387d3dedfe7b21a9c8d13c5bd4614ac71b2d4e -- data/glossary.js [79ms]
2026-05-11 20:15:47.316 [info] > git config --get --local branch.main.remote [8ms]
2026-05-11 20:15:47.316 [warning] [Git][config] git config failed: Failed to execute git
2026-05-11 20:15:47.329 [info] > git rev-parse refs/remotes/origin/main [48ms]
2026-05-11 20:15:47.354 [info] > git status -z -uall [15ms]
2026-05-11 20:15:47.355 [info] > git config --get --local branch.main.merge [26ms]
2026-05-11 20:15:47.355 [warning] [Git][config] git config failed: Failed to execute git
2026-05-11 20:15:47.356 [info] > git for-each-ref --sort -committerdate --format %(refname)%00%(objectname)%00%(*objectname) [6ms]
2026-05-11 20:15:47.641 [info] > git check-ignore -v -z --stdin [8ms]
2026-05-11 20:16:05.421 [info] > git check-ignore -v -z --stdin [4ms]
2026-05-11 20:16:07.384 [info] > git config --get commit.template [22ms]
2026-05-11 20:16:07.386 [info] > git config --get commit.template [5ms]
2026-05-11 20:16:07.436 [info] [Git][getRemotes] No remotes found in the git config file
2026-05-11 20:16:07.438 [info] > git for-each-ref --format=%(refname)%00%(upstream:short)%00%(objectname)%00%(upstream:track)%00%(upstream:remotename)%00%(upstream:remoteref) refs/heads/main refs/remotes/main [4ms]
2026-05-11 20:16:07.503 [info] > git for-each-ref --format=%(refname)%00%(upstream:short)%00%(objectname)%00%(upstream:track)%00%(upstream:remotename)%00%(upstream:remoteref) refs/heads/main refs/remotes/main [101ms]
2026-05-11 20:16:07.504 [info] > git status -z -uall [31ms]
2026-05-11 20:16:07.505 [info] > git for-each-ref --sort -committerdate --format %(refname)%00%(objectname)%00%(*objectname) [4ms]
2026-05-11 20:16:07.536 [warning] [Git][revParse] Unable to read file: ENOENT: no such file or directory, open '/workspaces/jazz/.git/refs/remotes/origin/main'
2026-05-11 20:16:07.540 [info] > git rev-parse refs/remotes/origin/main [4ms]
2026-05-11 20:16:07.588 [info] > git status -z -uall [20ms]
2026-05-11 20:16:07.594 [info] > git for-each-ref --sort -committerdate --format %(refname)%00%(objectname)%00%(*objectname) [9ms]
2026-05-11 20:16:07.921 [info] > git check-ignore -v -z --stdin [7ms]
2026-05-11 20:16:20.001 [info] > git check-ignore -v -z --stdin [2ms]
2026-05-11 20:16:57.885 [info] > git check-ignore -v -z --stdin [2ms]
2026-05-11 20:16:57.951 [info] > git show --textconv :data/domains.js [17ms]
2026-05-11 20:16:57.951 [info] > git ls-files --stage -- data/domains.js [7ms]
2026-05-11 20:16:57.969 [info] > git cat-file -s 5041d1ef26cce3bd1d15e1d6cb09692764b0d1cd [1ms]
2026-05-11 20:17:17.489 [info] > git check-ignore -v -z --stdin [4ms]
2026-05-11 20:17:20.883 [info] > git check-ignore -v -z --stdin [3ms]
2026-05-11 20:17:26.223 [info] > git check-ignore -v -z --stdin [2ms]
2026-05-11 20:17:27.845 [info] > git check-ignore -v -z --stdin [4ms]
2026-05-11 20:17:28.175 [info] > git config --get commit.template [16ms]
2026-05-11 20:17:28.175 [info] > git config --get commit.template [3ms]
2026-05-11 20:17:28.194 [info] [Git][getRemotes] No remotes found in the git config file
2026-05-11 20:17:28.195 [info] > git for-each-ref --format=%(refname)%00%(upstream:short)%00%(objectname)%00%(upstream:track)%00%(upstream:remotename)%00%(upstream:remoteref) refs/heads/main refs/remotes/main [12ms]
2026-05-11 20:17:28.203 [warning] [Git][revParse] Unable to read file: ENOENT: no such file or directory, open '/workspaces/jazz/.git/refs/remotes/origin/main'
2026-05-11 20:17:28.203 [info] > git for-each-ref --format=%(refname)%00%(upstream:short)%00%(objectname)%00%(upstream:track)%00%(upstream:remotename)%00%(upstream:remoteref) refs/heads/main refs/remotes/main [9ms]
2026-05-11 20:17:28.231 [info] > git status -z -uall [19ms]
2026-05-11 20:17:28.232 [info] > git rev-parse refs/remotes/origin/main [29ms]
2026-05-11 20:17:28.251 [info] > git status -z -uall [11ms]
2026-05-11 20:17:28.251 [info] > git for-each-ref --sort -committerdate --format %(refname)%00%(objectname)%00%(*objectname) [24ms]
2026-05-11 20:17:28.254 [info] > git for-each-ref --sort -committerdate --format %(refname)%00%(objectname)%00%(*objectname) [4ms]
2026-05-11 20:17:30.050 [info] > git check-ignore -v -z --stdin [5ms]
2026-05-11 20:17:33.274 [info] > git config --get commit.template [9ms]
2026-05-11 20:17:33.283 [info] [Git][getRemotes] No remotes found in the git config file
2026-05-11 20:17:33.293 [info] > git config --get commit.template [19ms]
2026-05-11 20:17:33.293 [info] > git for-each-ref --format=%(refname)%00%(upstream:short)%00%(objectname)%00%(upstream:track)%00%(upstream:remotename)%00%(upstream:remoteref) refs/heads/main refs/remotes/main [10ms]
2026-05-11 20:17:33.325 [info] > git status -z -uall [20ms]
2026-05-11 20:17:33.331 [info] > git for-each-ref --format=%(refname)%00%(upstream:short)%00%(objectname)%00%(upstream:track)%00%(upstream:remotename)%00%(upstream:remoteref) refs/heads/main refs/remotes/main [39ms]
2026-05-11 20:17:33.332 [info] > git for-each-ref --sort -committerdate --format %(refname)%00%(objectname)%00%(*objectname) [8ms]
2026-05-11 20:17:33.353 [warning] [Git][revParse] Unable to read file: ENOENT: no such file or directory, open '/workspaces/jazz/.git/refs/remotes/origin/main'
2026-05-11 20:17:33.361 [info] > git rev-parse refs/remotes/origin/main [8ms]
2026-05-11 20:17:33.407 [info] > git status -z -uall [25ms]
2026-05-11 20:17:33.418 [info] > git for-each-ref --sort -committerdate --format %(refname)%00%(objectname)%00%(*objectname) [13ms]
2026-05-11 20:17:42.244 [info] > git check-ignore -v -z --stdin [24ms]
2026-05-11 20:17:44.174 [info] > git config --get commit.template [0ms]
2026-05-11 20:17:44.175 [info] > git config --get commit.template [12ms]
2026-05-11 20:17:44.199 [info] [Git][getRemotes] No remotes found in the git config file
2026-05-11 20:17:44.200 [info] > git for-each-ref --format=%(refname)%00%(upstream:short)%00%(objectname)%00%(upstream:track)%00%(upstream:remotename)%00%(upstream:remoteref) refs/heads/main refs/remotes/main [12ms]
2026-05-11 20:17:44.221 [warning] [Git][revParse] Unable to read file: ENOENT: no such file or directory, open '/workspaces/jazz/.git/refs/remotes/origin/main'
2026-05-11 20:17:44.222 [info] > git for-each-ref --format=%(refname)%00%(upstream:short)%00%(objectname)%00%(upstream:track)%00%(upstream:remotename)%00%(upstream:remoteref) refs/heads/main refs/remotes/main [23ms]
2026-05-11 20:17:44.256 [info] > git status -z -uall [24ms]
2026-05-11 20:17:44.256 [info] > git rev-parse refs/remotes/origin/main [35ms]
2026-05-11 20:17:44.276 [info] > git status -z -uall [11ms]
2026-05-11 20:17:44.276 [info] > git for-each-ref --sort -committerdate --format %(refname)%00%(objectname)%00%(*objectname) [28ms]
2026-05-11 20:17:44.283 [info] > git for-each-ref --sort -committerdate --format %(refname)%00%(objectname)%00%(*objectname) [9ms]
2026-05-11 20:17:49.012 [info] > git check-ignore -v -z --stdin [4ms]
2026-05-11 20:18:29.882 [info] > git config --get commit.template [2ms]
2026-05-11 20:18:29.895 [info] > git for-each-ref --format=%(refname)%00%(upstream:short)%00%(objectname)%00%(upstream:track)%00%(upstream:remotename)%00%(upstream:remoteref) refs/heads/main refs/remotes/main [3ms]
2026-05-11 20:18:29.902 [warning] [Git][revParse] Unable to read file: ENOENT: no such file or directory, open '/workspaces/jazz/.git/refs/remotes/origin/main'
2026-05-11 20:18:29.904 [info] > git rev-parse refs/remotes/origin/main [2ms]
2026-05-11 20:18:29.925 [info] > git status -z -uall [14ms]
2026-05-11 20:18:29.929 [info] > git for-each-ref --sort -committerdate --format %(refname)%00%(objectname)%00%(*objectname) [6ms]
2026-05-11 20:18:30.218 [info] > git config --get commit.template [5ms]
2026-05-11 20:18:30.242 [info] [Git][getRemotes] No remotes found in the git config file
2026-05-11 20:18:30.244 [info] > git for-each-ref --format=%(refname)%00%(upstream:short)%00%(objectname)%00%(upstream:track)%00%(upstream:remotename)%00%(upstream:remoteref) refs/heads/main refs/remotes/main [2ms]
2026-05-11 20:18:30.270 [info] > git status -z -uall [18ms]
2026-05-11 20:18:30.272 [info] > git for-each-ref --sort -committerdate --format %(refname)%00%(objectname)%00%(*objectname) [5ms]
2026-05-11 20:18:30.312 [info] > git config --local -l [2ms]
2026-05-11 20:18:30.324 [info] > git blame --root --incremental 3eadf52c18e3f2b8679b2c6ee17769a59361039b -- data/glossary.js [41ms]
2026-05-11 20:18:30.329 [info] > git config --get --local branch.main.remote [5ms]
2026-05-11 20:18:30.329 [warning] [Git][config] git config failed: Failed to execute git
2026-05-11 20:18:30.351 [info] > git config --get --local branch.main.merge [7ms]
2026-05-11 20:18:30.351 [warning] [Git][config] git config failed: Failed to execute git
2026-05-11 20:18:30.390 [info] > git ls-files --stage -- data/glossary.js [17ms]
2026-05-11 20:18:30.405 [info] > git ls-files --stage -- data/domains.js [21ms]
2026-05-11 20:18:30.428 [info] > git cat-file -s d43f3ced9666e4a4a2cd544060ab48ffab65845d [26ms]
2026-05-11 20:18:30.436 [info] > git cat-file -s 5041d1ef26cce3bd1d15e1d6cb09692764b0d1cd [11ms]
2026-05-11 20:18:30.510 [info] > git show --textconv :data/glossary.js [19ms]
2026-05-11 20:18:30.518 [info] > git show --textconv :data/domains.js [9ms]
2026-05-11 20:18:30.804 [info] > git check-ignore -v -z --stdin [5ms]
2026-05-11 20:20:20.319 [info] > git config --get commit.template [3ms]
2026-05-11 20:20:20.345 [info] > git for-each-ref --format=%(refname)%00%(upstream:short)%00%(objectname)%00%(upstream:track)%00%(upstream:remotename)%00%(upstream:remoteref) refs/heads/main refs/remotes/main [4ms]
2026-05-11 20:20:20.358 [warning] [Git][revParse] Unable to read file: ENOENT: no such file or directory, open '/workspaces/jazz/.git/refs/remotes/origin/main'
2026-05-11 20:20:20.359 [info] > git rev-parse refs/remotes/origin/main [1ms]
2026-05-11 20:20:20.381 [info] > git status -z -uall [12ms]
2026-05-11 20:20:20.381 [info] > git for-each-ref --sort -committerdate --format %(refname)%00%(objectname)%00%(*objectname) [2ms]
2026-05-11 20:20:20.558 [info] > git config --get commit.template [2ms]
2026-05-11 20:20:20.576 [info] [Git][getRemotes] No remotes found in the git config file
2026-05-11 20:20:20.578 [info] > git for-each-ref --format=%(refname)%00%(upstream:short)%00%(objectname)%00%(upstream:track)%00%(upstream:remotename)%00%(upstream:remoteref) refs/heads/main refs/remotes/main [2ms]
2026-05-11 20:20:20.617 [info] > git status -z -uall [24ms]
2026-05-11 20:20:20.619 [info] > git for-each-ref --sort -committerdate --format %(refname)%00%(objectname)%00%(*objectname) [5ms]
2026-05-11 20:20:20.652 [info] > git blame --root --incremental d93bd886bbca4e8b4591c009e39cc8f3d1aba231 -- data/glossary.js [19ms]
2026-05-11 20:20:20.653 [info] > git config --local -l [5ms]
2026-05-11 20:20:20.665 [info] > git config --get --local branch.main.remote [1ms]
2026-05-11 20:20:20.665 [warning] [Git][config] git config failed: Failed to execute git
2026-05-11 20:20:20.677 [info] > git config --get --local branch.main.merge [2ms]
2026-05-11 20:20:20.677 [warning] [Git][config] git config failed: Failed to execute git
2026-05-11 20:20:20.705 [info] > git ls-files --stage -- data/glossary.js [2ms]
2026-05-11 20:20:20.718 [info] > git cat-file -s d43f3ced9666e4a4a2cd544060ab48ffab65845d [4ms]
2026-05-11 20:20:20.776 [info] > git show --textconv :data/glossary.js [9ms]
2026-05-11 20:20:35.409 [info] > git config --local -l [17ms]
2026-05-11 20:20:35.411 [info] > git config --local -l [3ms]
2026-05-11 20:20:35.429 [info] > git config --get --local branch.main.remote [8ms]
2026-05-11 20:20:35.429 [warning] [Git][config] git config failed: Failed to execute git
2026-05-11 20:20:35.442 [info] > git config --get --local branch.main.merge [2ms]
2026-05-11 20:20:35.442 [warning] [Git][config] git config failed: Failed to execute git
2026-05-11 20:20:35.461 [info] > git config --local -l [1ms]
2026-05-11 20:21:53.189 [info] > git config --get commit.template [1ms]
2026-05-11 20:21:53.202 [info] > git for-each-ref --format=%(refname)%00%(upstream:short)%00%(objectname)%00%(upstream:track)%00%(upstream:remotename)%00%(upstream:remoteref) refs/heads/main refs/remotes/main [2ms]
2026-05-11 20:21:53.209 [warning] [Git][revParse] Unable to read file: ENOENT: no such file or directory, open '/workspaces/jazz/.git/refs/remotes/origin/main'
2026-05-11 20:21:53.210 [info] > git rev-parse refs/remotes/origin/main [1ms]
2026-05-11 20:21:53.238 [info] > git status -z -uall [20ms]
2026-05-11 20:21:53.242 [info] > git for-each-ref --sort -committerdate --format %(refname)%00%(objectname)%00%(*objectname) [9ms]
2026-05-11 20:21:53.432 [info] [Git][getRemotes] No remotes found in the git config file
2026-05-11 20:21:53.432 [info] > git config --get commit.template [12ms]
2026-05-11 20:21:53.434 [info] > git for-each-ref --format=%(refname)%00%(upstream:short)%00%(objectname)%00%(upstream:track)%00%(upstream:remotename)%00%(upstream:remoteref) refs/heads/main refs/remotes/main [2ms]
2026-05-11 20:21:53.461 [info] > git for-each-ref --sort -committerdate --format %(refname)%00%(objectname)%00%(*objectname) [5ms]
2026-05-11 20:21:53.462 [info] > git status -z -uall [21ms]
2026-05-11 20:21:53.487 [info] > git blame --root --incremental 4f2a8c2e2e5660785a563e7be19b3ad47f02f61c -- data/glossary.js [13ms]
2026-05-11 20:21:53.494 [info] > git config --local -l [9ms]
2026-05-11 20:21:53.507 [info] > git config --get --local branch.main.remote [3ms]
2026-05-11 20:21:53.507 [warning] [Git][config] git config failed: Failed to execute git
2026-05-11 20:21:53.518 [info] > git config --get --local branch.main.merge [4ms]
2026-05-11 20:21:53.518 [warning] [Git][config] git config failed: Failed to execute git
2026-05-11 20:21:53.590 [info] > git ls-files --stage -- data/glossary.js [6ms]
2026-05-11 20:21:53.599 [info] > git cat-file -s d43f3ced9666e4a4a2cd544060ab48ffab65845d [1ms]
2026-05-11 20:21:53.646 [info] > git show --textconv :data/glossary.js [3ms]
2026-05-11 20:22:53.637 [info] > git check-ignore -v -z --stdin [3ms]
2026-05-11 20:23:19.658 [info] > git config --get commit.template [195ms]
2026-05-11 20:23:19.658 [info] > git config --get commit.template [209ms]
2026-05-11 20:23:19.854 [info] [Git][getRemotes] No remotes found in the git config file
2026-05-11 20:23:19.962 [info] > git for-each-ref --format=%(refname)%00%(upstream:short)%00%(objectname)%00%(upstream:track)%00%(upstream:remotename)%00%(upstream:remoteref) refs/heads/main refs/remotes/main [49ms]
2026-05-11 20:23:19.962 [info] > git for-each-ref --format=%(refname)%00%(upstream:short)%00%(objectname)%00%(upstream:track)%00%(upstream:remotename)%00%(upstream:remoteref) refs/heads/main refs/remotes/main [85ms]
2026-05-11 20:23:20.023 [warning] [Git][revParse] Unable to read file: ENOENT: no such file or directory, open '/workspaces/jazz/.git/refs/remotes/origin/main'
2026-05-11 20:23:20.027 [info] > git status -z -uall [45ms]
2026-05-11 20:23:20.031 [info] > git rev-parse refs/remotes/origin/main [8ms]
2026-05-11 20:23:20.064 [info] > git for-each-ref --sort -committerdate --format %(refname)%00%(objectname)%00%(*objectname) [59ms]
2026-05-11 20:23:20.090 [info] > git status -z -uall [45ms]
2026-05-11 20:23:20.095 [info] > git for-each-ref --sort -committerdate --format %(refname)%00%(objectname)%00%(*objectname) [32ms]
2026-05-11 20:23:25.334 [info] > git merge-base HEAD @{upstream} [14ms]
2026-05-11 20:23:25.359 [info] > git config --get --local core.virtualfilesystem [9ms]
2026-05-11 20:23:25.359 [warning] [Git][config] git config failed: Failed to execute git
2026-05-11 20:23:25.383 [info] > git config --get --local core.sparsecheckout [9ms]
2026-05-11 20:23:25.383 [warning] [Git][config] git config failed: Failed to execute git
2026-05-11 20:23:25.402 [info] > git show -s --decorate=full --shortstat --format=%H%n%aN%n%aE%n%at%n%ct%n%P%n%D%n%B -z f091879c6628cfc58854090bb0459ab30a2dfa3d -- [5ms]
2026-05-11 20:23:25.420 [info] > git log --format=%H%n%aN%n%aE%n%at%n%ct%n%P%n%D%n%B -z f091879c6628cfc58854090bb0459ab30a2dfa3d..HEAD [3ms]
2026-05-11 20:23:25.746 [info] > git diff --name-status -z --diff-filter=ADMR f091879c6628cfc58854090bb0459ab30a2dfa3d -- [9ms]
2026-05-11 20:23:26.869 [info] > git config --get commit.template [1ms]
2026-05-11 20:23:26.894 [info] > git for-each-ref --format=%(refname)%00%(upstream:short)%00%(objectname)%00%(upstream:track)%00%(upstream:remotename)%00%(upstream:remoteref) refs/heads/main refs/remotes/main [4ms]
2026-05-11 20:23:26.911 [warning] [Git][revParse] Unable to read file: ENOENT: no such file or directory, open '/workspaces/jazz/.git/refs/remotes/origin/main'
2026-05-11 20:23:26.913 [info] > git rev-parse refs/remotes/origin/main [2ms]
2026-05-11 20:23:26.960 [info] > git status -z -uall [22ms]
2026-05-11 20:23:26.963 [info] > git for-each-ref --sort -committerdate --format %(refname)%00%(objectname)%00%(*objectname) [4ms]
2026-05-11 20:23:27.025 [info] > git ls-files --stage -- data/glossary.js [4ms]
2026-05-11 20:23:27.065 [info] > git cat-file -s d43f3ced9666e4a4a2cd544060ab48ffab65845d [5ms]
2026-05-11 20:23:27.128 [info] > git show --textconv :data/glossary.js [4ms]
2026-05-11 20:23:44.288 [info] > git check-ignore -v -z --stdin [3ms]
2026-05-11 20:23:45.888 [info] > git config --get commit.template [2ms]
2026-05-11 20:23:45.913 [info] > git for-each-ref --format=%(refname)%00%(upstream:short)%00%(objectname)%00%(upstream:track)%00%(upstream:remotename)%00%(upstream:remoteref) refs/heads/main refs/remotes/main [11ms]
2026-05-11 20:23:45.932 [warning] [Git][revParse] Unable to read file: ENOENT: no such file or directory, open '/workspaces/jazz/.git/refs/remotes/origin/main'
2026-05-11 20:23:45.937 [info] > git rev-parse refs/remotes/origin/main [5ms]
2026-05-11 20:23:45.986 [info] > git status -z -uall [25ms]
2026-05-11 20:23:45.988 [info] > git for-each-ref --sort -committerdate --format %(refname)%00%(objectname)%00%(*objectname) [9ms]
2026-05-11 20:23:46.212 [info] > git config --get commit.template [15ms]
2026-05-11 20:23:46.234 [info] [Git][getRemotes] No remotes found in the git config file
2026-05-11 20:23:46.235 [info] > git for-each-ref --format=%(refname)%00%(upstream:short)%00%(objectname)%00%(upstream:track)%00%(upstream:remotename)%00%(upstream:remoteref) refs/heads/main refs/remotes/main [1ms]
2026-05-11 20:23:46.262 [info] > git status -z -uall [17ms]
2026-05-11 20:23:46.266 [info] > git for-each-ref --sort -committerdate --format %(refname)%00%(objectname)%00%(*objectname) [6ms]
2026-05-11 20:23:46.320 [info] > git blame --root --incremental 595d4e4f326694f4b9dc4728920703282bde23bc -- data/glossary.js [42ms]
2026-05-11 20:23:46.333 [info] > git config --local -l [31ms]
2026-05-11 20:23:46.436 [info] > git ls-files --stage -- data/glossary.js [17ms]
2026-05-11 20:23:46.468 [info] > git config --get --local branch.main.remote [85ms]
2026-05-11 20:23:46.468 [warning] [Git][config] git config failed: Failed to execute git
2026-05-11 20:23:46.516 [info] > git cat-file -s d43f3ced9666e4a4a2cd544060ab48ffab65845d [49ms]
2026-05-11 20:23:46.517 [info] > git config --get --local branch.main.merge [28ms]
2026-05-11 20:23:46.517 [warning] [Git][config] git config failed: Failed to execute git
2026-05-11 20:23:46.576 [info] > git show --textconv :data/glossary.js [8ms]
2026-05-11 20:24:00.155 [info] > git config --get commit.template [22ms]
2026-05-11 20:24:00.192 [info] [Git][getRemotes] No remotes found in the git config file
2026-05-11 20:24:00.194 [info] > git config --get commit.template [41ms]
2026-05-11 20:24:00.195 [info] > git for-each-ref --format=%(refname)%00%(upstream:short)%00%(objectname)%00%(upstream:track)%00%(upstream:remotename)%00%(upstream:remoteref) refs/heads/main refs/remotes/main [22ms]
2026-05-11 20:24:00.210 [warning] [Git][revParse] Unable to read file: ENOENT: no such file or directory, open '/workspaces/jazz/.git/refs/remotes/origin/main'
2026-05-11 20:24:00.210 [info] > git for-each-ref --format=%(refname)%00%(upstream:short)%00%(objectname)%00%(upstream:track)%00%(upstream:remotename)%00%(upstream:remoteref) refs/heads/main refs/remotes/main [18ms]
2026-05-11 20:24:00.266 [info] > git status -z -uall [40ms]
2026-05-11 20:24:00.267 [info] > git rev-parse refs/remotes/origin/main [57ms]
2026-05-11 20:24:00.326 [info] > git status -z -uall [40ms]
2026-05-11 20:24:00.330 [info] > git for-each-ref --sort -committerdate --format %(refname)%00%(objectname)%00%(*objectname) [68ms]
2026-05-11 20:24:00.337 [info] > git for-each-ref --sort -committerdate --format %(refname)%00%(objectname)%00%(*objectname) [14ms]
2026-05-11 20:24:36.609 [info] > git config --get commit.template [15ms]
2026-05-11 20:24:36.610 [info] > git config --get commit.template [6ms]
2026-05-11 20:24:36.622 [info] [Git][getRemotes] No remotes found in the git config file
2026-05-11 20:24:36.646 [info] > git for-each-ref --format=%(refname)%00%(upstream:short)%00%(objectname)%00%(upstream:track)%00%(upstream:remotename)%00%(upstream:remoteref) refs/heads/main refs/remotes/main [1ms]
2026-05-11 20:24:36.674 [info] > git for-each-ref --format=%(refname)%00%(upstream:short)%00%(objectname)%00%(upstream:track)%00%(upstream:remotename)%00%(upstream:remoteref) refs/heads/main refs/remotes/main [54ms]
2026-05-11 20:24:36.678 [info] > git status -z -uall [21ms]
2026-05-11 20:24:36.693 [warning] [Git][revParse] Unable to read file: ENOENT: no such file or directory, open '/workspaces/jazz/.git/refs/remotes/origin/main'
2026-05-11 20:24:36.695 [info] > git for-each-ref --sort -committerdate --format %(refname)%00%(objectname)%00%(*objectname) [21ms]
2026-05-11 20:24:36.700 [info] > git rev-parse refs/remotes/origin/main [7ms]
2026-05-11 20:24:36.753 [info] > git status -z -uall [21ms]
2026-05-11 20:24:36.756 [info] > git for-each-ref --sort -committerdate --format %(refname)%00%(objectname)%00%(*objectname) [7ms]
2026-05-11 20:24:45.554 [info] > git merge-base HEAD @{upstream} [23ms]
2026-05-11 20:24:45.572 [info] > git config --get --local core.virtualfilesystem [2ms]
2026-05-11 20:24:45.572 [warning] [Git][config] git config failed: Failed to execute git
2026-05-11 20:24:45.589 [info] > git config --get --local core.sparsecheckout [1ms]
2026-05-11 20:24:45.589 [warning] [Git][config] git config failed: Failed to execute git
2026-05-11 20:24:45.613 [info] > git show -s --decorate=full --shortstat --format=%H%n%aN%n%aE%n%at%n%ct%n%P%n%D%n%B -z f091879c6628cfc58854090bb0459ab30a2dfa3d -- [6ms]
2026-05-11 20:24:45.647 [info] > git log --format=%H%n%aN%n%aE%n%at%n%ct%n%P%n%D%n%B -z f091879c6628cfc58854090bb0459ab30a2dfa3d..HEAD [6ms]
2026-05-11 20:24:45.690 [info] > git diff --name-status -z --diff-filter=ADMR f091879c6628cfc58854090bb0459ab30a2dfa3d -- [11ms]
2026-05-11 20:24:50.652 [info] > git check-ignore -v -z --stdin [4ms]
2026-05-11 20:24:51.468 [info] > git config --get commit.template [21ms]
2026-05-11 20:24:51.501 [info] [Git][getRemotes] No remotes found in the git config file
2026-05-11 20:24:51.501 [info] > git config --get commit.template [36ms]
2026-05-11 20:24:51.502 [info] > git for-each-ref --format=%(refname)%00%(upstream:short)%00%(objectname)%00%(upstream:track)%00%(upstream:remotename)%00%(upstream:remoteref) refs/heads/main refs/remotes/main [20ms]
2026-05-11 20:24:51.520 [warning] [Git][revParse] Unable to read file: ENOENT: no such file or directory, open '/workspaces/jazz/.git/refs/remotes/origin/main'
2026-05-11 20:24:51.520 [info] > git for-each-ref --format=%(refname)%00%(upstream:short)%00%(objectname)%00%(upstream:track)%00%(upstream:remotename)%00%(upstream:remoteref) refs/heads/main refs/remotes/main [20ms]
2026-05-11 20:24:51.559 [info] > git status -z -uall [21ms]
2026-05-11 20:24:51.559 [info] > git for-each-ref --sort -committerdate --format %(refname)%00%(objectname)%00%(*objectname) [3ms]
2026-05-11 20:24:51.561 [info] > git rev-parse refs/remotes/origin/main [41ms]
2026-05-11 20:24:51.594 [info] > git status -z -uall [15ms]
2026-05-11 20:24:51.598 [info] > git for-each-ref --sort -committerdate --format %(refname)%00%(objectname)%00%(*objectname) [4ms]
2026-05-11 20:25:35.604 [info] > git config --local -l [1ms]
2026-05-11 20:25:35.618 [info] > git config --get --local branch.main.remote [2ms]
2026-05-11 20:25:35.618 [warning] [Git][config] git config failed: Failed to execute git
2026-05-11 20:25:35.635 [info] > git config --get --local branch.main.merge [3ms]
2026-05-11 20:25:35.635 [warning] [Git][config] git config failed: Failed to execute git
2026-05-11 20:25:36.702 [info] > git config --local -l [3ms]
2026-05-11 20:25:36.764 [info] > git config --local -l [1ms]
2026-05-11 20:27:33.393 [info] > git check-ignore -v -z --stdin [13ms]
2026-05-11 20:27:36.335 [info] > git config --get commit.template [58ms]
2026-05-11 20:27:36.335 [info] > git for-each-ref --format=%(refname)%00%(upstream:short)%00%(objectname)%00%(upstream:track)%00%(upstream:remotename)%00%(upstream:remoteref) refs/heads/main refs/remotes/main [8ms]
2026-05-11 20:27:36.368 [warning] [Git][revParse] Unable to read file: ENOENT: no such file or directory, open '/workspaces/jazz/.git/refs/remotes/origin/main'
2026-05-11 20:27:36.371 [info] > git rev-parse refs/remotes/origin/main [4ms]
2026-05-11 20:27:36.408 [info] > git status -z -uall [19ms]
2026-05-11 20:27:36.410 [info] > git for-each-ref --sort -committerdate --format %(refname)%00%(objectname)%00%(*objectname) [3ms]
2026-05-11 20:27:36.747 [info] [Git][getRemotes] No remotes found in the git config file
2026-05-11 20:27:36.748 [info] > git config --get commit.template [18ms]
2026-05-11 20:27:36.750 [info] > git for-each-ref --format=%(refname)%00%(upstream:short)%00%(objectname)%00%(upstream:track)%00%(upstream:remotename)%00%(upstream:remoteref) refs/heads/main refs/remotes/main [3ms]
2026-05-11 20:27:36.790 [info] > git status -z -uall [24ms]
2026-05-11 20:27:36.796 [info] > git for-each-ref --sort -committerdate --format %(refname)%00%(objectname)%00%(*objectname) [10ms]
2026-05-11 20:27:36.887 [info] > git blame --root --incremental c69a7ea72613c02179e46200fe7607269cf042f6 -- data/glossary.js [53ms]
2026-05-11 20:27:36.890 [info] > git config --local -l [13ms]
2026-05-11 20:27:36.912 [info] > git config --get --local branch.main.remote [4ms]
2026-05-11 20:27:36.912 [warning] [Git][config] git config failed: Failed to execute git
2026-05-11 20:27:36.975 [info] > git config --get --local branch.main.merge [35ms]
2026-05-11 20:27:36.975 [warning] [Git][config] git config failed: Failed to execute git
2026-05-11 20:27:36.989 [info] > git ls-files --stage -- data/glossary.js [20ms]
2026-05-11 20:27:37.016 [info] > git cat-file -s 69d1489ecebf2f62107e1ce9ccb7ef5b23cea53d [6ms]
2026-05-11 20:27:37.085 [info] > git show --textconv :data/glossary.js [9ms]
2026-05-11 20:27:37.376 [info] > git check-ignore -v -z --stdin [4ms]
2026-05-11 20:30:02.546 [info] > git check-ignore -v -z --stdin [4ms]
2026-05-11 20:30:03.062 [info] > git config --get commit.template [26ms]
2026-05-11 20:30:03.063 [info] > git for-each-ref --format=%(refname)%00%(upstream:short)%00%(objectname)%00%(upstream:track)%00%(upstream:remotename)%00%(upstream:remoteref) refs/heads/main refs/remotes/main [2ms]
2026-05-11 20:30:03.079 [warning] [Git][revParse] Unable to read file: ENOENT: no such file or directory, open '/workspaces/jazz/.git/refs/remotes/origin/main'
2026-05-11 20:30:03.081 [info] > git rev-parse refs/remotes/origin/main [2ms]
2026-05-11 20:30:03.120 [info] > git status -z -uall [24ms]
2026-05-11 20:30:03.122 [info] > git for-each-ref --sort -committerdate --format %(refname)%00%(objectname)%00%(*objectname) [4ms]
2026-05-11 20:30:03.262 [info] > git config --get commit.template [3ms]
2026-05-11 20:30:03.263 [info] [Git][getRemotes] No remotes found in the git config file
2026-05-11 20:30:03.279 [info] > git for-each-ref --format=%(refname)%00%(upstream:short)%00%(objectname)%00%(upstream:track)%00%(upstream:remotename)%00%(upstream:remoteref) refs/heads/main refs/remotes/main [2ms]
2026-05-11 20:30:03.319 [info] > git status -z -uall [27ms]
2026-05-11 20:30:03.325 [info] > git for-each-ref --sort -committerdate --format %(refname)%00%(objectname)%00%(*objectname) [8ms]
2026-05-11 20:30:03.365 [info] > git blame --root --incremental 7c5872ad9d2c83e04c12b9ff2c11ecf69d84fd0e -- data/glossary.js [26ms]
2026-05-11 20:30:03.369 [info] > git config --local -l [5ms]
2026-05-11 20:30:03.386 [info] > git config --get --local branch.main.remote [3ms]
2026-05-11 20:30:03.386 [warning] [Git][config] git config failed: Failed to execute git
2026-05-11 20:30:03.439 [info] > git config --get --local branch.main.merge [34ms]
2026-05-11 20:30:03.439 [warning] [Git][config] git config failed: Failed to execute git
2026-05-11 20:30:03.446 [info] > git ls-files --stage -- data/glossary.js [8ms]
2026-05-11 20:30:03.462 [info] > git cat-file -s 69d1489ecebf2f62107e1ce9ccb7ef5b23cea53d [3ms]
2026-05-11 20:30:03.532 [info] > git show --textconv :data/glossary.js [7ms]
2026-05-11 20:30:35.757 [info] > git config --local -l [5ms]
2026-05-11 20:30:35.788 [info] > git config --get --local branch.main.remote [5ms]
2026-05-11 20:30:35.788 [warning] [Git][config] git config failed: Failed to execute git
2026-05-11 20:30:35.810 [info] > git config --get --local branch.main.merge [3ms]
2026-05-11 20:30:35.810 [warning] [Git][config] git config failed: Failed to execute git
2026-05-11 20:30:38.643 [info] > git config --local -l [6ms]
2026-05-11 20:30:38.695 [info] > git config --local -l [2ms]
2026-05-11 20:30:47.926 [info] > git config --get commit.template [4ms]
2026-05-11 20:30:47.926 [info] > git config --get commit.template [20ms]
2026-05-11 20:30:47.941 [info] [Git][getRemotes] No remotes found in the git config file
2026-05-11 20:30:47.957 [info] > git for-each-ref --format=%(refname)%00%(upstream:short)%00%(objectname)%00%(upstream:track)%00%(upstream:remotename)%00%(upstream:remoteref) refs/heads/main refs/remotes/main [4ms]
2026-05-11 20:30:48.006 [info] > git for-each-ref --format=%(refname)%00%(upstream:short)%00%(objectname)%00%(upstream:track)%00%(upstream:remotename)%00%(upstream:remoteref) refs/heads/main refs/remotes/main [65ms]
2026-05-11 20:30:48.010 [info] > git status -z -uall [42ms]
2026-05-11 20:30:48.022 [warning] [Git][revParse] Unable to read file: ENOENT: no such file or directory, open '/workspaces/jazz/.git/refs/remotes/origin/main'
2026-05-11 20:30:48.027 [info] > git rev-parse refs/remotes/origin/main [5ms]
2026-05-11 20:30:48.058 [info] > git for-each-ref --sort -committerdate --format %(refname)%00%(objectname)%00%(*objectname) [52ms]
2026-05-11 20:30:48.064 [info] > git status -z -uall [23ms]
2026-05-11 20:30:48.064 [info] > git for-each-ref --sort -committerdate --format %(refname)%00%(objectname)%00%(*objectname) [6ms]
2026-05-11 20:33:20.370 [info] > git config --get commit.template [2ms]
2026-05-11 20:33:20.389 [info] > git for-each-ref --format=%(refname)%00%(upstream:short)%00%(objectname)%00%(upstream:track)%00%(upstream:remotename)%00%(upstream:remoteref) refs/heads/main refs/remotes/main [3ms]
2026-05-11 20:33:20.408 [warning] [Git][revParse] Unable to read file: ENOENT: no such file or directory, open '/workspaces/jazz/.git/refs/remotes/origin/main'
2026-05-11 20:33:20.409 [info] > git rev-parse refs/remotes/origin/main [1ms]
2026-05-11 20:33:20.444 [info] > git status -z -uall [20ms]
2026-05-11 20:33:20.448 [info] > git for-each-ref --sort -committerdate --format %(refname)%00%(objectname)%00%(*objectname) [7ms]
2026-05-11 20:33:20.581 [info] [Git][getRemotes] No remotes found in the git config file
2026-05-11 20:33:20.595 [info] > git config --get commit.template [15ms]
2026-05-11 20:33:20.596 [info] > git for-each-ref --format=%(refname)%00%(upstream:short)%00%(objectname)%00%(upstream:track)%00%(upstream:remotename)%00%(upstream:remoteref) refs/heads/main refs/remotes/main [3ms]
2026-05-11 20:33:20.638 [info] > git status -z -uall [29ms]
2026-05-11 20:33:20.639 [info] > git for-each-ref --sort -committerdate --format %(refname)%00%(objectname)%00%(*objectname) [10ms]
2026-05-11 20:33:20.687 [info] > git blame --root --incremental db6cfb992de9b692bfb9ff657daa6737bdb3a467 -- data/glossary.js [33ms]
2026-05-11 20:33:20.693 [info] > git config --local -l [12ms]
2026-05-11 20:33:20.717 [info] > git config --get --local branch.main.remote [6ms]
2026-05-11 20:33:20.717 [warning] [Git][config] git config failed: Failed to execute git
2026-05-11 20:33:20.752 [info] > git config --get --local branch.main.merge [22ms]
2026-05-11 20:33:20.752 [warning] [Git][config] git config failed: Failed to execute git
2026-05-11 20:33:20.756 [info] > git ls-files --stage -- data/glossary.js [7ms]
2026-05-11 20:33:20.773 [info] > git cat-file -s 69d1489ecebf2f62107e1ce9ccb7ef5b23cea53d [1ms]
2026-05-11 20:33:20.829 [info] > git show --textconv :data/glossary.js [5ms]
2026-05-11 20:34:04.920 [info] > git config --get commit.template [1ms]
2026-05-11 20:34:04.937 [info] > git for-each-ref --format=%(refname)%00%(upstream:short)%00%(objectname)%00%(upstream:track)%00%(upstream:remotename)%00%(upstream:remoteref) refs/heads/main refs/remotes/main [2ms]
2026-05-11 20:34:04.949 [warning] [Git][revParse] Unable to read file: ENOENT: no such file or directory, open '/workspaces/jazz/.git/refs/remotes/origin/main'
2026-05-11 20:34:04.950 [info] > git rev-parse refs/remotes/origin/main [1ms]
2026-05-11 20:34:04.977 [info] > git status -z -uall [15ms]
2026-05-11 20:34:04.979 [info] > git for-each-ref --sort -committerdate --format %(refname)%00%(objectname)%00%(*objectname) [4ms]
2026-05-11 20:34:05.177 [info] [Git][getRemotes] No remotes found in the git config file
2026-05-11 20:34:05.178 [info] > git config --get commit.template [18ms]
2026-05-11 20:34:05.179 [info] > git for-each-ref --format=%(refname)%00%(upstream:short)%00%(objectname)%00%(upstream:track)%00%(upstream:remotename)%00%(upstream:remoteref) refs/heads/main refs/remotes/main [2ms]
2026-05-11 20:34:05.214 [info] > git status -z -uall [24ms]
2026-05-11 20:34:05.217 [info] > git for-each-ref --sort -committerdate --format %(refname)%00%(objectname)%00%(*objectname) [4ms]
2026-05-11 20:34:05.263 [info] > git blame --root --incremental dddbe0d2860dc7b390aee9a5d84d47366a298846 -- data/glossary.js [28ms]
2026-05-11 20:34:05.265 [info] > git config --local -l [4ms]
2026-05-11 20:34:05.294 [info] > git config --get --local branch.main.remote [5ms]
2026-05-11 20:34:05.294 [warning] [Git][config] git config failed: Failed to execute git
2026-05-11 20:34:05.356 [info] > git config --get --local branch.main.merge [27ms]
2026-05-11 20:34:05.357 [warning] [Git][config] git config failed: Failed to execute git
2026-05-11 20:34:05.363 [info] > git ls-files --stage -- data/glossary.js [11ms]
2026-05-11 20:34:05.383 [info] > git cat-file -s 69d1489ecebf2f62107e1ce9ccb7ef5b23cea53d [4ms]
2026-05-11 20:34:05.444 [info] > git show --textconv :data/glossary.js [7ms]
2026-05-11 20:35:35.935 [info] > git config --local -l [3ms]
2026-05-11 20:35:35.954 [info] > git config --get --local branch.main.remote [2ms]
2026-05-11 20:35:35.954 [warning] [Git][config] git config failed: Failed to execute git
2026-05-11 20:35:35.976 [info] > git config --get --local branch.main.merge [4ms]
2026-05-11 20:35:35.976 [warning] [Git][config] git config failed: Failed to execute git
2026-05-11 20:35:39.861 [info] > git config --local -l [2ms]
2026-05-11 20:35:39.915 [info] > git config --local -l [3ms]
2026-05-11 20:40:36.094 [info] > git config --local -l [3ms]
2026-05-11 20:40:36.115 [info] > git config --get --local branch.main.remote [3ms]
2026-05-11 20:40:36.115 [warning] [Git][config] git config failed: Failed to execute git
2026-05-11 20:40:36.135 [info] > git config --get --local branch.main.merge [2ms]
2026-05-11 20:40:36.135 [warning] [Git][config] git config failed: Failed to execute git
2026-05-11 20:40:41.158 [info] > git config --local -l [4ms]
2026-05-11 20:41:04.684 [info] > git config --local -l [8ms]
2026-05-11 20:47:36.094 [info] > git config --local -l [0ms]
2026-05-11 20:47:36.109 [info] > git config --get --local branch.main.remote [2ms]
2026-05-11 20:47:36.109 [warning] [Git][config] git config failed: Failed to execute git
2026-05-11 20:47:36.130 [info] > git config --get --local branch.main.merge [2ms]
2026-05-11 20:47:36.130 [warning] [Git][config] git config failed: Failed to execute git
2026-05-11 20:47:41.155 [info] > git config --local -l [0ms]
2026-05-11 20:48:04.640 [info] > git config --local -l [4ms]
2026-05-11 20:49:15.398 [info] > git check-ignore -v -z --stdin [2ms]
2026-05-11 20:49:15.469 [info] > git show --textconv :data/domains.js [14ms]
2026-05-11 20:49:15.473 [info] > git ls-files --stage -- data/domains.js [5ms]
2026-05-11 20:49:15.507 [info] > git cat-file -s 5041d1ef26cce3bd1d15e1d6cb09692764b0d1cd [8ms]
2026-05-11 20:49:31.755 [info] > git check-ignore -v -z --stdin [1ms]
2026-05-11 20:49:32.942 [info] > git check-ignore -v -z --stdin [1ms]
2026-05-11 20:49:33.651 [info] > git check-ignore -v -z --stdin [3ms]
2026-05-11 20:49:35.465 [info] > git check-ignore -v -z --stdin [9ms]
2026-05-11 20:49:35.588 [info] > git show --textconv :css/domain.css [42ms]
2026-05-11 20:49:35.589 [info] > git ls-files --stage -- css/domain.css [1ms]
2026-05-11 20:49:35.645 [info] > git cat-file -s e69de29bb2d1d6434b8b29ae775ad8c2e48c5391 [32ms]
2026-05-11 20:49:38.466 [info] > git check-ignore -v -z --stdin [4ms]
2026-05-11 20:49:38.529 [info] > git show --textconv :css/home.css [16ms]
2026-05-11 20:49:38.534 [info] > git ls-files --stage -- css/home.css [10ms]
2026-05-11 20:49:38.557 [info] > git cat-file -s e69de29bb2d1d6434b8b29ae775ad8c2e48c5391 [6ms]
2026-05-11 20:49:40.074 [info] > git check-ignore -v -z --stdin [2ms]
2026-05-11 20:49:40.135 [info] > git show --textconv :css/layout.css [13ms]
2026-05-11 20:49:40.138 [info] > git ls-files --stage -- css/layout.css [4ms]
2026-05-11 20:49:40.151 [info] > git cat-file -s e69de29bb2d1d6434b8b29ae775ad8c2e48c5391 [2ms]
2026-05-11 20:49:41.332 [info] > git check-ignore -v -z --stdin [4ms]
2026-05-11 20:49:41.411 [info] > git show --textconv :css/practice.css [16ms]
2026-05-11 20:49:41.415 [info] > git ls-files --stage -- css/practice.css [6ms]
2026-05-11 20:49:41.428 [info] > git cat-file -s e69de29bb2d1d6434b8b29ae775ad8c2e48c5391 [1ms]
2026-05-11 20:49:42.568 [info] > git check-ignore -v -z --stdin [1ms]
2026-05-11 20:49:42.640 [info] > git show --textconv :css/responsive.css [19ms]
2026-05-11 20:49:42.641 [info] > git ls-files --stage -- css/responsive.css [2ms]
2026-05-11 20:49:42.657 [info] > git cat-file -s e69de29bb2d1d6434b8b29ae775ad8c2e48c5391 [2ms]
2026-05-11 20:49:44.605 [info] > git check-ignore -v -z --stdin [4ms]
2026-05-11 20:49:44.719 [info] > git show --textconv :css/style.css [39ms]
2026-05-11 20:49:44.719 [info] > git ls-files --stage -- css/style.css [2ms]
2026-05-11 20:49:44.739 [info] > git cat-file -s a9ab33af6bc395dd22542135ece3abf945de28c6 [4ms]
2026-05-11 20:49:46.158 [info] > git check-ignore -v -z --stdin [2ms]
2026-05-11 20:49:46.226 [info] > git show --textconv :css/topic.css [16ms]
2026-05-11 20:49:46.231 [info] > git ls-files --stage -- css/topic.css [7ms]
2026-05-11 20:49:46.248 [info] > git cat-file -s e69de29bb2d1d6434b8b29ae775ad8c2e48c5391 [2ms]
2026-05-11 20:49:47.561 [info] > git check-ignore -v -z --stdin [4ms]
2026-05-11 20:49:54.552 [info] > git check-ignore -v -z --stdin [5ms]
2026-05-11 20:49:55.908 [info] > git check-ignore -v -z --stdin [5ms]
2026-05-11 20:50:07.962 [info] > git check-ignore -v -z --stdin [3ms]
2026-05-11 20:50:09.025 [info] > git check-ignore -v -z --stdin [4ms]
2026-05-11 20:50:10.359 [info] > git check-ignore -v -z --stdin [5ms]
2026-05-11 20:50:16.746 [info] > git check-ignore -v -z --stdin [4ms]
2026-05-11 20:50:16.822 [info] > git show --textconv :data/topics/01-harmony/backdoor-harmony.js [21ms]
2026-05-11 20:50:16.823 [info] > git ls-files --stage -- data/topics/01-harmony/backdoor-harmony.js [6ms]
2026-05-11 20:50:16.841 [info] > git cat-file -s 7ecc5db4d49b4bee061cbca574e504f6f40e0f59 [2ms]
2026-05-11 20:50:16.924 [info] > git blame --root --incremental dddbe0d2860dc7b390aee9a5d84d47366a298846 -- data/topics/01-harmony/backdoor-harmony.js [28ms]
2026-05-11 20:53:01.194 [info] > git check-ignore -v -z --stdin [5ms]
2026-05-11 20:53:03.173 [info] > git config --get commit.template [23ms]
2026-05-11 20:53:03.191 [info] > git config --get commit.template [19ms]
2026-05-11 20:53:03.205 [info] [Git][getRemotes] No remotes found in the git config file
2026-05-11 20:53:03.206 [info] > git for-each-ref --format=%(refname)%00%(upstream:short)%00%(objectname)%00%(upstream:track)%00%(upstream:remotename)%00%(upstream:remoteref) refs/heads/main refs/remotes/main [17ms]
2026-05-11 20:53:03.219 [warning] [Git][revParse] Unable to read file: ENOENT: no such file or directory, open '/workspaces/jazz/.git/refs/remotes/origin/main'
2026-05-11 20:53:03.219 [info] > git for-each-ref --format=%(refname)%00%(upstream:short)%00%(objectname)%00%(upstream:track)%00%(upstream:remotename)%00%(upstream:remoteref) refs/heads/main refs/remotes/main [14ms]
2026-05-11 20:53:03.260 [info] > git status -z -uall [28ms]
2026-05-11 20:53:03.262 [info] > git rev-parse refs/remotes/origin/main [43ms]
2026-05-11 20:53:03.289 [info] > git status -z -uall [15ms]
2026-05-11 20:53:03.290 [info] > git for-each-ref --sort -committerdate --format %(refname)%00%(objectname)%00%(*objectname) [31ms]
2026-05-11 20:53:03.297 [info] > git for-each-ref --sort -committerdate --format %(refname)%00%(objectname)%00%(*objectname) [9ms]
2026-05-11 20:53:03.691 [info] > git check-ignore -v -z --stdin [6ms]
2026-05-11 20:53:09.990 [info] > git check-ignore -v -z --stdin [3ms]
2026-05-11 20:53:11.949 [info] > git config --get commit.template [21ms]
2026-05-11 20:53:11.950 [info] > git config --get commit.template [5ms]
2026-05-11 20:53:11.986 [info] [Git][getRemotes] No remotes found in the git config file
2026-05-11 20:53:11.989 [info] > git for-each-ref --format=%(refname)%00%(upstream:short)%00%(objectname)%00%(upstream:track)%00%(upstream:remotename)%00%(upstream:remoteref) refs/heads/main refs/remotes/main [21ms]
2026-05-11 20:53:11.989 [info] > git for-each-ref --format=%(refname)%00%(upstream:short)%00%(objectname)%00%(upstream:track)%00%(upstream:remotename)%00%(upstream:remoteref) refs/heads/main refs/remotes/main [3ms]
2026-05-11 20:53:12.054 [warning] [Git][revParse] Unable to read file: ENOENT: no such file or directory, open '/workspaces/jazz/.git/refs/remotes/origin/main'
2026-05-11 20:53:12.056 [info] > git status -z -uall [48ms]
2026-05-11 20:53:12.056 [info] > git for-each-ref --sort -committerdate --format %(refname)%00%(objectname)%00%(*objectname) [21ms]
2026-05-11 20:53:12.059 [info] > git rev-parse refs/remotes/origin/main [5ms]
2026-05-11 20:53:12.091 [info] > git status -z -uall [17ms]
2026-05-11 20:53:12.093 [info] > git for-each-ref --sort -committerdate --format %(refname)%00%(objectname)%00%(*objectname) [3ms]
2026-05-11 20:53:24.652 [info] > git check-ignore -v -z --stdin [1ms]
2026-05-11 20:53:26.625 [info] > git config --get commit.template [2ms]
2026-05-11 20:53:26.626 [info] > git config --get commit.template [24ms]
2026-05-11 20:53:26.680 [info] [Git][getRemotes] No remotes found in the git config file
2026-05-11 20:53:26.681 [info] > git for-each-ref --format=%(refname)%00%(upstream:short)%00%(objectname)%00%(upstream:track)%00%(upstream:remotename)%00%(upstream:remoteref) refs/heads/main refs/remotes/main [21ms]
2026-05-11 20:53:26.700 [warning] [Git][revParse] Unable to read file: ENOENT: no such file or directory, open '/workspaces/jazz/.git/refs/remotes/origin/main'
2026-05-11 20:53:26.701 [info] > git for-each-ref --format=%(refname)%00%(upstream:short)%00%(objectname)%00%(upstream:track)%00%(upstream:remotename)%00%(upstream:remoteref) refs/heads/main refs/remotes/main [21ms]
2026-05-11 20:53:26.744 [info] > git status -z -uall [25ms]
2026-05-11 20:53:26.747 [info] > git rev-parse refs/remotes/origin/main [45ms]
2026-05-11 20:53:26.780 [info] > git status -z -uall [16ms]
2026-05-11 20:53:26.780 [info] > git for-each-ref --sort -committerdate --format %(refname)%00%(objectname)%00%(*objectname) [36ms]
2026-05-11 20:53:26.783 [info] > git for-each-ref --sort -committerdate --format %(refname)%00%(objectname)%00%(*objectname) [4ms]
2026-05-11 20:53:28.025 [info] > git check-ignore -v -z --stdin [20ms]
2026-05-11 20:53:31.821 [info] > git config --get commit.template [23ms]
2026-05-11 20:53:31.821 [info] > git config --get commit.template [8ms]
2026-05-11 20:53:31.837 [info] [Git][getRemotes] No remotes found in the git config file
2026-05-11 20:53:31.858 [info] > git for-each-ref --format=%(refname)%00%(upstream:short)%00%(objectname)%00%(upstream:track)%00%(upstream:remotename)%00%(upstream:remoteref) refs/heads/main refs/remotes/main [21ms]
2026-05-11 20:53:31.903 [info] > git status -z -uall [27ms]
2026-05-11 20:53:31.906 [info] > git for-each-ref --format=%(refname)%00%(upstream:short)%00%(objectname)%00%(upstream:track)%00%(upstream:remotename)%00%(upstream:remoteref) refs/heads/main refs/remotes/main [48ms]
2026-05-11 20:53:31.922 [warning] [Git][revParse] Unable to read file: ENOENT: no such file or directory, open '/workspaces/jazz/.git/refs/remotes/origin/main'
2026-05-11 20:53:31.922 [info] > git for-each-ref --sort -committerdate --format %(refname)%00%(objectname)%00%(*objectname) [20ms]
2026-05-11 20:53:31.926 [info] > git rev-parse refs/remotes/origin/main [4ms]
2026-05-11 20:53:31.967 [info] > git status -z -uall [21ms]
2026-05-11 20:53:31.973 [info] > git for-each-ref --sort -committerdate --format %(refname)%00%(objectname)%00%(*objectname) [7ms]
2026-05-11 20:53:46.002 [info] > git check-ignore -v -z --stdin [5ms]
2026-05-11 20:53:46.913 [info] > git check-ignore -v -z --stdin [81ms]
2026-05-11 20:53:47.645 [info] > git check-ignore -v -z --stdin [3ms]
2026-05-11 20:53:48.030 [info] > git check-ignore -v -z --stdin [7ms]
2026-05-11 20:53:48.390 [info] > git check-ignore -v -z --stdin [8ms]
2026-05-11 20:53:48.716 [info] > git check-ignore -v -z --stdin [3ms]
2026-05-11 20:53:49.942 [info] > git check-ignore -v -z --stdin [3ms]
2026-05-11 20:53:50.452 [info] > git config --get commit.template [50ms]
2026-05-11 20:53:50.463 [info] > git config --get commit.template [41ms]
2026-05-11 20:53:50.510 [info] [Git][getRemotes] No remotes found in the git config file
2026-05-11 20:53:50.522 [info] > git for-each-ref --format=%(refname)%00%(upstream:short)%00%(objectname)%00%(upstream:track)%00%(upstream:remotename)%00%(upstream:remoteref) refs/heads/main refs/remotes/main [34ms]
2026-05-11 20:53:50.543 [warning] [Git][revParse] Unable to read file: ENOENT: no such file or directory, open '/workspaces/jazz/.git/refs/remotes/origin/main'
2026-05-11 20:53:50.544 [info] > git for-each-ref --format=%(refname)%00%(upstream:short)%00%(objectname)%00%(upstream:track)%00%(upstream:remotename)%00%(upstream:remoteref) refs/heads/main refs/remotes/main [34ms]
2026-05-11 20:53:50.586 [info] > git status -z -uall [20ms]
2026-05-11 20:53:50.587 [info] > git rev-parse refs/remotes/origin/main [44ms]
2026-05-11 20:53:50.633 [info] > git status -z -uall [26ms]
2026-05-11 20:53:50.633 [info] > git for-each-ref --sort -committerdate --format %(refname)%00%(objectname)%00%(*objectname) [48ms]
2026-05-11 20:53:50.640 [info] > git for-each-ref --sort -committerdate --format %(refname)%00%(objectname)%00%(*objectname) [11ms]
2026-05-11 20:53:50.749 [info] > git check-ignore -v -z --stdin [16ms]
2026-05-11 20:53:51.215 [info] > git check-ignore -v -z --stdin [6ms]
2026-05-11 20:53:52.075 [info] > git check-ignore -v -z --stdin [34ms]
2026-05-11 20:53:55.696 [info] > git config --get commit.template [37ms]
2026-05-11 20:53:55.700 [info] > git config --get commit.template [11ms]
2026-05-11 20:53:55.700 [info] [Git][getRemotes] No remotes found in the git config file
2026-05-11 20:53:55.744 [info] > git for-each-ref --format=%(refname)%00%(upstream:short)%00%(objectname)%00%(upstream:track)%00%(upstream:remotename)%00%(upstream:remoteref) refs/heads/main refs/remotes/main [27ms]
2026-05-11 20:53:55.820 [info] > git status -z -uall [46ms]
2026-05-11 20:53:55.821 [info] > git for-each-ref --format=%(refname)%00%(upstream:short)%00%(objectname)%00%(upstream:track)%00%(upstream:remotename)%00%(upstream:remoteref) refs/heads/main refs/remotes/main [81ms]
2026-05-11 20:53:55.846 [warning] [Git][revParse] Unable to read file: ENOENT: no such file or directory, open '/workspaces/jazz/.git/refs/remotes/origin/main'
2026-05-11 20:53:55.847 [info] > git for-each-ref --sort -committerdate --format %(refname)%00%(objectname)%00%(*objectname) [32ms]
2026-05-11 20:53:55.852 [info] > git rev-parse refs/remotes/origin/main [6ms]
2026-05-11 20:53:55.918 [info] > git status -z -uall [41ms]
2026-05-11 20:53:55.925 [info] > git for-each-ref --sort -committerdate --format %(refname)%00%(objectname)%00%(*objectname) [8ms]
2026-05-11 20:53:56.815 [info] > git check-ignore -v -z --stdin [5ms]
2026-05-11 20:53:57.202 [info] > git check-ignore -v -z --stdin [5ms]
2026-05-11 20:54:00.903 [info] [Git][getRemotes] No remotes found in the git config file
2026-05-11 20:54:00.919 [info] > git config --get commit.template [19ms]
2026-05-11 20:54:00.921 [info] > git for-each-ref --format=%(refname)%00%(upstream:short)%00%(objectname)%00%(upstream:track)%00%(upstream:remotename)%00%(upstream:remoteref) refs/heads/main refs/remotes/main [3ms]
2026-05-11 20:54:01.020 [info] > git status -z -uall [75ms]
2026-05-11 20:54:01.022 [info] > git config --get commit.template [3ms]
2026-05-11 20:54:01.022 [info] > git for-each-ref --sort -committerdate --format %(refname)%00%(objectname)%00%(*objectname) [48ms]
2026-05-11 20:54:01.062 [info] > git for-each-ref --format=%(refname)%00%(upstream:short)%00%(objectname)%00%(upstream:track)%00%(upstream:remotename)%00%(upstream:remoteref) refs/heads/main refs/remotes/main [4ms]
2026-05-11 20:54:01.110 [warning] [Git][revParse] Unable to read file: ENOENT: no such file or directory, open '/workspaces/jazz/.git/refs/remotes/origin/main'
2026-05-11 20:54:01.133 [info] > git rev-parse refs/remotes/origin/main [23ms]
2026-05-11 20:54:01.221 [info] > git status -z -uall [42ms]
2026-05-11 20:54:01.223 [info] > git for-each-ref --sort -committerdate --format %(refname)%00%(objectname)%00%(*objectname) [5ms]
2026-05-11 20:54:07.402 [info] > git config --local -l [1ms]
2026-05-11 20:54:07.422 [info] > git config --get --local branch.main.remote [3ms]
2026-05-11 20:54:07.422 [warning] [Git][config] git config failed: Failed to execute git
2026-05-11 20:54:07.461 [info] > git config --get --local branch.main.merge [5ms]
2026-05-11 20:54:07.461 [warning] [Git][config] git config failed: Failed to execute git
2026-05-11 20:54:08.355 [info] > git config --local -l [3ms]
2026-05-11 20:54:08.443 [info] > git config --local -l [30ms]
2026-05-11 20:54:18.495 [info] > git check-ignore -v -z --stdin [3ms]
2026-05-11 20:54:20.447 [info] > git config --get commit.template [20ms]
2026-05-11 20:54:20.490 [info] [Git][getRemotes] No remotes found in the git config file
2026-05-11 20:54:20.491 [info] > git config --get commit.template [46ms]
2026-05-11 20:54:20.491 [info] > git for-each-ref --format=%(refname)%00%(upstream:short)%00%(objectname)%00%(upstream:track)%00%(upstream:remotename)%00%(upstream:remoteref) refs/heads/main refs/remotes/main [23ms]
2026-05-11 20:54:20.509 [warning] [Git][revParse] Unable to read file: ENOENT: no such file or directory, open '/workspaces/jazz/.git/refs/remotes/origin/main'
2026-05-11 20:54:20.510 [info] > git for-each-ref --format=%(refname)%00%(upstream:short)%00%(objectname)%00%(upstream:track)%00%(upstream:remotename)%00%(upstream:remoteref) refs/heads/main refs/remotes/main [20ms]
2026-05-11 20:54:20.555 [info] > git status -z -uall [26ms]
2026-05-11 20:54:20.557 [info] > git rev-parse refs/remotes/origin/main [48ms]
2026-05-11 20:54:20.595 [info] > git status -z -uall [19ms]
2026-05-11 20:54:20.595 [info] > git for-each-ref --sort -committerdate --format %(refname)%00%(objectname)%00%(*objectname) [43ms]
2026-05-11 20:54:20.601 [info] > git for-each-ref --sort -committerdate --format %(refname)%00%(objectname)%00%(*objectname) [7ms]
2026-05-11 20:54:23.466 [info] > git check-ignore -v -z --stdin [5ms]
2026-05-11 20:54:25.632 [info] > git config --get commit.template [21ms]
2026-05-11 20:54:25.654 [info] [Git][getRemotes] No remotes found in the git config file
2026-05-11 20:54:25.654 [info] > git config --get commit.template [22ms]
2026-05-11 20:54:25.674 [info] > git for-each-ref --format=%(refname)%00%(upstream:short)%00%(objectname)%00%(upstream:track)%00%(upstream:remotename)%00%(upstream:remoteref) refs/heads/main refs/remotes/main [21ms]
2026-05-11 20:54:25.721 [info] > git status -z -uall [31ms]
2026-05-11 20:54:25.722 [info] > git for-each-ref --format=%(refname)%00%(upstream:short)%00%(objectname)%00%(upstream:track)%00%(upstream:remotename)%00%(upstream:remoteref) refs/heads/main refs/remotes/main [49ms]
2026-05-11 20:54:25.749 [warning] [Git][revParse] Unable to read file: ENOENT: no such file or directory, open '/workspaces/jazz/.git/refs/remotes/origin/main'
2026-05-11 20:54:25.751 [info] > git for-each-ref --sort -committerdate --format %(refname)%00%(objectname)%00%(*objectname) [31ms]
2026-05-11 20:54:25.754 [info] > git rev-parse refs/remotes/origin/main [6ms]
2026-05-11 20:54:25.811 [info] > git status -z -uall [26ms]
2026-05-11 20:54:25.813 [info] > git for-each-ref --sort -committerdate --format %(refname)%00%(objectname)%00%(*objectname) [3ms]
2026-05-11 20:54:26.985 [info] > git check-ignore -v -z --stdin [30ms]
2026-05-11 20:54:27.823 [info] > git check-ignore -v -z --stdin [20ms]
2026-05-11 20:54:29.236 [info] > git check-ignore -v -z --stdin [5ms]
2026-05-11 20:54:30.782 [info] > git config --get commit.template [13ms]
2026-05-11 20:54:30.782 [info] [Git][getRemotes] No remotes found in the git config file
2026-05-11 20:54:30.803 [info] > git for-each-ref --format=%(refname)%00%(upstream:short)%00%(objectname)%00%(upstream:track)%00%(upstream:remotename)%00%(upstream:remoteref) refs/heads/main refs/remotes/main [1ms]
2026-05-11 20:54:30.874 [info] > git status -z -uall [52ms]
2026-05-11 20:54:30.874 [info] > git for-each-ref --sort -committerdate --format %(refname)%00%(objectname)%00%(*objectname) [31ms]
2026-05-11 20:54:30.879 [info] > git config --get commit.template [6ms]
2026-05-11 20:54:30.899 [info] > git for-each-ref --format=%(refname)%00%(upstream:short)%00%(objectname)%00%(upstream:track)%00%(upstream:remotename)%00%(upstream:remoteref) refs/heads/main refs/remotes/main [6ms]
2026-05-11 20:54:30.914 [warning] [Git][revParse] Unable to read file: ENOENT: no such file or directory, open '/workspaces/jazz/.git/refs/remotes/origin/main'
2026-05-11 20:54:30.915 [info] > git rev-parse refs/remotes/origin/main [1ms]
2026-05-11 20:54:30.942 [info] > git status -z -uall [14ms]
2026-05-11 20:54:30.945 [info] > git for-each-ref --sort -committerdate --format %(refname)%00%(objectname)%00%(*objectname) [3ms]
2026-05-11 20:54:31.361 [info] > git check-ignore -v -z --stdin [15ms]
2026-05-11 20:54:35.908 [info] [Git][getRemotes] No remotes found in the git config file
2026-05-11 20:54:35.908 [info] > git config --get commit.template [19ms]
2026-05-11 20:54:35.912 [info] > git for-each-ref --format=%(refname)%00%(upstream:short)%00%(objectname)%00%(upstream:track)%00%(upstream:remotename)%00%(upstream:remoteref) refs/heads/main refs/remotes/main [4ms]
2026-05-11 20:54:35.982 [info] > git status -z -uall [49ms]
2026-05-11 20:54:35.983 [info] > git for-each-ref --sort -committerdate --format %(refname)%00%(objectname)%00%(*objectname) [25ms]
2026-05-11 20:54:35.987 [info] > git config --get commit.template [4ms]
2026-05-11 20:54:36.021 [info] > git for-each-ref --format=%(refname)%00%(upstream:short)%00%(objectname)%00%(upstream:track)%00%(upstream:remotename)%00%(upstream:remoteref) refs/heads/main refs/remotes/main [15ms]
2026-05-11 20:54:36.049 [warning] [Git][revParse] Unable to read file: ENOENT: no such file or directory, open '/workspaces/jazz/.git/refs/remotes/origin/main'
2026-05-11 20:54:36.055 [info] > git rev-parse refs/remotes/origin/main [6ms]
2026-05-11 20:54:36.102 [info] > git status -z -uall [26ms]
2026-05-11 20:54:36.106 [info] > git for-each-ref --sort -committerdate --format %(refname)%00%(objectname)%00%(*objectname) [5ms]
2026-05-11 20:55:00.388 [info] > git check-ignore -v -z --stdin [4ms]
2026-05-11 20:55:15.472 [info] > git check-ignore -v -z --stdin [2ms]
2026-05-11 20:56:43.681 [info] > git check-ignore -v -z --stdin [20ms]
2026-05-11 20:56:45.465 [info] > git check-ignore -v -z --stdin [30ms]
2026-05-11 20:56:45.616 [info] > git config --get commit.template [3ms]
2026-05-11 20:56:45.616 [info] > git config --get commit.template [22ms]
2026-05-11 20:56:45.654 [info] [Git][getRemotes] No remotes found in the git config file
2026-05-11 20:56:45.656 [info] > git for-each-ref --format=%(refname)%00%(upstream:short)%00%(objectname)%00%(upstream:track)%00%(upstream:remotename)%00%(upstream:remoteref) refs/heads/main refs/remotes/main [20ms]
2026-05-11 20:56:45.679 [warning] [Git][revParse] Unable to read file: ENOENT: no such file or directory, open '/workspaces/jazz/.git/refs/remotes/origin/main'
2026-05-11 20:56:45.681 [info] > git for-each-ref --format=%(refname)%00%(upstream:short)%00%(objectname)%00%(upstream:track)%00%(upstream:remotename)%00%(upstream:remoteref) refs/heads/main refs/remotes/main [26ms]
2026-05-11 20:56:45.735 [info] > git status -z -uall [33ms]
2026-05-11 20:56:45.736 [info] > git rev-parse refs/remotes/origin/main [57ms]
2026-05-11 20:56:45.790 [info] > git status -z -uall [35ms]
2026-05-11 20:56:45.791 [info] > git for-each-ref --sort -committerdate --format %(refname)%00%(objectname)%00%(*objectname) [58ms]
2026-05-11 20:56:45.795 [info] > git for-each-ref --sort -committerdate --format %(refname)%00%(objectname)%00%(*objectname) [9ms]
2026-05-11 20:56:46.161 [info] > git check-ignore -v -z --stdin [25ms]
2026-05-11 20:56:47.054 [info] > git check-ignore -v -z --stdin [4ms]
2026-05-11 20:56:49.320 [info] > git check-ignore -v -z --stdin [4ms]
2026-05-11 20:56:50.822 [info] > git config --get commit.template [17ms]
2026-05-11 20:56:50.825 [info] > git config --get commit.template [4ms]
2026-05-11 20:56:50.842 [info] [Git][getRemotes] No remotes found in the git config file
2026-05-11 20:56:50.859 [info] > git for-each-ref --format=%(refname)%00%(upstream:short)%00%(objectname)%00%(upstream:track)%00%(upstream:remotename)%00%(upstream:remoteref) refs/heads/main refs/remotes/main [17ms]
2026-05-11 20:56:50.892 [info] > git status -z -uall [21ms]
2026-05-11 20:56:50.893 [info] > git for-each-ref --format=%(refname)%00%(upstream:short)%00%(objectname)%00%(upstream:track)%00%(upstream:remotename)%00%(upstream:remoteref) refs/heads/main refs/remotes/main [35ms]
2026-05-11 20:56:50.909 [warning] [Git][revParse] Unable to read file: ENOENT: no such file or directory, open '/workspaces/jazz/.git/refs/remotes/origin/main'
2026-05-11 20:56:50.909 [info] > git for-each-ref --sort -committerdate --format %(refname)%00%(objectname)%00%(*objectname) [20ms]
2026-05-11 20:56:50.913 [info] > git rev-parse refs/remotes/origin/main [4ms]
2026-05-11 20:56:50.948 [info] > git status -z -uall [18ms]
2026-05-11 20:56:50.954 [info] > git for-each-ref --sort -committerdate --format %(refname)%00%(objectname)%00%(*objectname) [9ms]
2026-05-11 20:56:55.955 [info] [Git][getRemotes] No remotes found in the git config file
2026-05-11 20:56:55.956 [info] > git config --get commit.template [24ms]
2026-05-11 20:56:55.958 [info] > git for-each-ref --format=%(refname)%00%(upstream:short)%00%(objectname)%00%(upstream:track)%00%(upstream:remotename)%00%(upstream:remoteref) refs/heads/main refs/remotes/main [3ms]
2026-05-11 20:56:56.018 [info] > git status -z -uall [42ms]
2026-05-11 20:56:56.024 [info] > git for-each-ref --sort -committerdate --format %(refname)%00%(objectname)%00%(*objectname) [27ms]
2026-05-11 20:56:56.048 [info] > git config --get commit.template [34ms]
2026-05-11 20:56:56.052 [info] > git for-each-ref --format=%(refname)%00%(upstream:short)%00%(objectname)%00%(upstream:track)%00%(upstream:remotename)%00%(upstream:remoteref) refs/heads/main refs/remotes/main [6ms]
2026-05-11 20:56:56.071 [warning] [Git][revParse] Unable to read file: ENOENT: no such file or directory, open '/workspaces/jazz/.git/refs/remotes/origin/main'
2026-05-11 20:56:56.075 [info] > git rev-parse refs/remotes/origin/main [4ms]
2026-05-11 20:56:56.110 [info] > git status -z -uall [22ms]
2026-05-11 20:56:56.113 [info] > git for-each-ref --sort -committerdate --format %(refname)%00%(objectname)%00%(*objectname) [6ms]
2026-05-11 20:57:38.880 [info] > git check-ignore -v -z --stdin [23ms]
2026-05-11 20:57:40.793 [info] > git config --get commit.template [18ms]
2026-05-11 20:57:40.800 [info] > git config --get commit.template [8ms]
2026-05-11 20:57:40.840 [info] [Git][getRemotes] No remotes found in the git config file
2026-05-11 20:57:40.841 [info] > git for-each-ref --format=%(refname)%00%(upstream:short)%00%(objectname)%00%(upstream:track)%00%(upstream:remotename)%00%(upstream:remoteref) refs/heads/main refs/remotes/main [19ms]
2026-05-11 20:57:40.857 [warning] [Git][revParse] Unable to read file: ENOENT: no such file or directory, open '/workspaces/jazz/.git/refs/remotes/origin/main'
2026-05-11 20:57:40.857 [info] > git for-each-ref --format=%(refname)%00%(upstream:short)%00%(objectname)%00%(upstream:track)%00%(upstream:remotename)%00%(upstream:remoteref) refs/heads/main refs/remotes/main [17ms]
2026-05-11 20:57:40.904 [info] > git status -z -uall [29ms]
2026-05-11 20:57:40.905 [info] > git rev-parse refs/remotes/origin/main [48ms]
2026-05-11 20:57:40.937 [info] > git status -z -uall [14ms]
2026-05-11 20:57:40.937 [info] > git for-each-ref --sort -committerdate --format %(refname)%00%(objectname)%00%(*objectname) [37ms]
2026-05-11 20:57:40.941 [info] > git for-each-ref --sort -committerdate --format %(refname)%00%(objectname)%00%(*objectname) [5ms]
2026-05-11 20:57:45.966 [info] > git config --get commit.template [5ms]
2026-05-11 20:57:45.983 [info] [Git][getRemotes] No remotes found in the git config file
2026-05-11 20:57:46.003 [info] > git config --get commit.template [20ms]
2026-05-11 20:57:46.021 [info] > git for-each-ref --format=%(refname)%00%(upstream:short)%00%(objectname)%00%(upstream:track)%00%(upstream:remotename)%00%(upstream:remoteref) refs/heads/main refs/remotes/main [19ms]
2026-05-11 20:57:46.065 [info] > git status -z -uall [24ms]
2026-05-11 20:57:46.065 [info] > git for-each-ref --format=%(refname)%00%(upstream:short)%00%(objectname)%00%(upstream:track)%00%(upstream:remotename)%00%(upstream:remoteref) refs/heads/main refs/remotes/main [44ms]
2026-05-11 20:57:46.090 [warning] [Git][revParse] Unable to read file: ENOENT: no such file or directory, open '/workspaces/jazz/.git/refs/remotes/origin/main'
2026-05-11 20:57:46.090 [info] > git rev-parse refs/remotes/origin/main [1ms]
2026-05-11 20:57:46.135 [info] > git for-each-ref --sort -committerdate --format %(refname)%00%(objectname)%00%(*objectname) [70ms]
2026-05-11 20:57:46.145 [info] > git status -z -uall [31ms]
2026-05-11 20:57:46.151 [info] > git for-each-ref --sort -committerdate --format %(refname)%00%(objectname)%00%(*objectname) [17ms]
2026-05-11 20:59:07.625 [info] > git config --local -l [4ms]
2026-05-11 20:59:07.649 [info] > git config --get --local branch.main.remote [7ms]
2026-05-11 20:59:07.649 [warning] [Git][config] git config failed: Failed to execute git
2026-05-11 20:59:07.668 [info] > git config --get --local branch.main.merge [2ms]
2026-05-11 20:59:07.668 [warning] [Git][config] git config failed: Failed to execute git
2026-05-11 20:59:10.528 [info] > git config --local -l [5ms]
2026-05-11 20:59:10.613 [info] > git config --local -l [2ms]
2026-05-11 20:59:28.505 [info] > git config --get commit.template [19ms]
2026-05-11 20:59:28.533 [info] > git config --get commit.template [31ms]
2026-05-11 20:59:28.551 [info] [Git][getRemotes] No remotes found in the git config file
2026-05-11 20:59:28.553 [info] > git for-each-ref --format=%(refname)%00%(upstream:short)%00%(objectname)%00%(upstream:track)%00%(upstream:remotename)%00%(upstream:remoteref) refs/heads/main refs/remotes/main [2ms]
2026-05-11 20:59:28.598 [info] > git for-each-ref --format=%(refname)%00%(upstream:short)%00%(objectname)%00%(upstream:track)%00%(upstream:remotename)%00%(upstream:remoteref) refs/heads/main refs/remotes/main [67ms]
2026-05-11 20:59:28.599 [info] > git status -z -uall [28ms]
2026-05-11 20:59:28.621 [warning] [Git][revParse] Unable to read file: ENOENT: no such file or directory, open '/workspaces/jazz/.git/refs/remotes/origin/main'
2026-05-11 20:59:28.625 [info] > git for-each-ref --sort -committerdate --format %(refname)%00%(objectname)%00%(*objectname) [26ms]
2026-05-11 20:59:28.632 [info] > git rev-parse refs/remotes/origin/main [11ms]
2026-05-11 20:59:28.685 [info] > git status -z -uall [34ms]
2026-05-11 20:59:28.687 [info] > git for-each-ref --sort -committerdate --format %(refname)%00%(objectname)%00%(*objectname) [9ms]
2026-05-11 20:59:29.067 [info] > git check-ignore -v -z --stdin [5ms]
2026-05-11 21:00:22.176 [info] > git config --get commit.template [3ms]
2026-05-11 21:00:22.198 [info] > git for-each-ref --format=%(refname)%00%(upstream:short)%00%(objectname)%00%(upstream:track)%00%(upstream:remotename)%00%(upstream:remoteref) refs/heads/main refs/remotes/main [3ms]
2026-05-11 21:00:22.225 [warning] [Git][revParse] Unable to read file: ENOENT: no such file or directory, open '/workspaces/jazz/.git/refs/remotes/origin/main'
2026-05-11 21:00:22.233 [info] > git rev-parse refs/remotes/origin/main [9ms]
2026-05-11 21:00:22.295 [info] > git status -z -uall [37ms]
2026-05-11 21:00:22.300 [info] > git for-each-ref --sort -committerdate --format %(refname)%00%(objectname)%00%(*objectname) [10ms]
2026-05-11 21:00:22.466 [info] > git config --get commit.template [5ms]
2026-05-11 21:00:22.480 [info] [Git][getRemotes] No remotes found in the git config file
2026-05-11 21:00:22.482 [info] > git for-each-ref --format=%(refname)%00%(upstream:short)%00%(objectname)%00%(upstream:track)%00%(upstream:remotename)%00%(upstream:remoteref) refs/heads/main refs/remotes/main [2ms]
2026-05-11 21:00:22.520 [info] > git status -z -uall [22ms]
2026-05-11 21:00:22.524 [info] > git for-each-ref --sort -committerdate --format %(refname)%00%(objectname)%00%(*objectname) [6ms]
2026-05-11 21:00:22.573 [info] > git blame --root --incremental f2dccd9db464778b4c1180e86d0a616ffda7ac79 -- data/topics/01-harmony/backdoor-harmony.js [31ms]
2026-05-11 21:00:22.576 [info] > git config --local -l [8ms]
2026-05-11 21:00:22.598 [info] > git config --get --local branch.main.remote [7ms]
2026-05-11 21:00:22.598 [warning] [Git][config] git config failed: Failed to execute git
2026-05-11 21:00:22.668 [info] > git config --get --local branch.main.merge [36ms]
2026-05-11 21:00:22.668 [warning] [Git][config] git config failed: Failed to execute git
2026-05-11 21:00:22.671 [info] > git ls-files --stage -- data/topics/01-harmony/backdoor-harmony.js [8ms]
2026-05-11 21:00:22.688 [info] > git cat-file -s 9d6b96a3984d221c2fa84ea36efd63c202312734 [1ms]
2026-05-11 21:00:22.748 [info] > git show --textconv :data/topics/01-harmony/backdoor-harmony.js [6ms]
2026-05-11 21:00:23.084 [info] > git check-ignore -v -z --stdin [29ms]
2026-05-11 21:01:51.128 [info] > git config --get commit.template [4ms]
2026-05-11 21:01:51.152 [info] > git for-each-ref --format=%(refname)%00%(upstream:short)%00%(objectname)%00%(upstream:track)%00%(upstream:remotename)%00%(upstream:remoteref) refs/heads/main refs/remotes/main [2ms]
2026-05-11 21:01:51.163 [warning] [Git][revParse] Unable to read file: ENOENT: no such file or directory, open '/workspaces/jazz/.git/refs/remotes/origin/main'
2026-05-11 21:01:51.166 [info] > git rev-parse refs/remotes/origin/main [2ms]
2026-05-11 21:01:51.205 [info] > git status -z -uall [23ms]
2026-05-11 21:01:51.209 [info] > git for-each-ref --sort -committerdate --format %(refname)%00%(objectname)%00%(*objectname) [9ms]
2026-05-11 21:01:51.231 [info] [Git][getRemotes] No remotes found in the git config file
2026-05-11 21:01:51.268 [info] > git config --get commit.template [40ms]
2026-05-11 21:01:51.269 [info] > git for-each-ref --format=%(refname)%00%(upstream:short)%00%(objectname)%00%(upstream:track)%00%(upstream:remotename)%00%(upstream:remoteref) refs/heads/main refs/remotes/main [10ms]
2026-05-11 21:01:51.320 [info] > git status -z -uall [26ms]
2026-05-11 21:01:51.323 [info] > git for-each-ref --sort -committerdate --format %(refname)%00%(objectname)%00%(*objectname) [4ms]
2026-05-11 21:01:51.358 [info] > git blame --root --incremental 5807a9875f45563e8b3b69ccbeec8f5450538218 -- data/topics/01-harmony/backdoor-harmony.js [22ms]
2026-05-11 21:01:51.359 [info] > git config --local -l [3ms]
2026-05-11 21:01:51.383 [info] > git config --get --local branch.main.remote [12ms]
2026-05-11 21:01:51.383 [warning] [Git][config] git config failed: Failed to execute git
2026-05-11 21:01:51.398 [info] > git config --get --local branch.main.merge [1ms]
2026-05-11 21:01:51.398 [warning] [Git][config] git config failed: Failed to execute git
2026-05-11 21:01:51.398 [info] > git ls-files --stage -- data/topics/01-harmony/backdoor-harmony.js [15ms]
2026-05-11 21:01:51.412 [info] > git cat-file -s 9d6b96a3984d221c2fa84ea36efd63c202312734 [2ms]
2026-05-11 21:01:51.481 [info] > git show --textconv :data/topics/01-harmony/backdoor-harmony.js [9ms]
2026-05-11 21:02:26.844 [info] > git config --get commit.template [7ms]
2026-05-11 21:02:26.885 [info] > git for-each-ref --format=%(refname)%00%(upstream:short)%00%(objectname)%00%(upstream:track)%00%(upstream:remotename)%00%(upstream:remoteref) refs/heads/main refs/remotes/main [4ms]
2026-05-11 21:02:26.904 [warning] [Git][revParse] Unable to read file: ENOENT: no such file or directory, open '/workspaces/jazz/.git/refs/remotes/origin/main'
2026-05-11 21:02:26.908 [info] > git rev-parse refs/remotes/origin/main [5ms]
2026-05-11 21:02:26.949 [info] > git status -z -uall [27ms]
2026-05-11 21:02:26.968 [info] > git config --get commit.template [5ms]
2026-05-11 21:02:26.968 [info] > git for-each-ref --sort -committerdate --format %(refname)%00%(objectname)%00%(*objectname) [23ms]
2026-05-11 21:02:26.994 [info] [Git][getRemotes] No remotes found in the git config file
2026-05-11 21:02:26.997 [info] > git for-each-ref --format=%(refname)%00%(upstream:short)%00%(objectname)%00%(upstream:track)%00%(upstream:remotename)%00%(upstream:remoteref) refs/heads/main refs/remotes/main [4ms]
2026-05-11 21:02:27.049 [info] > git status -z -uall [33ms]
2026-05-11 21:02:27.052 [info] > git for-each-ref --sort -committerdate --format %(refname)%00%(objectname)%00%(*objectname) [5ms]
2026-05-11 21:02:27.115 [info] > git blame --root --incremental 6d7d1d10ae2079674ce84390f200f5ea3d52edf3 -- data/topics/01-harmony/backdoor-harmony.js [46ms]
2026-05-11 21:02:27.117 [info] > git config --local -l [22ms]
2026-05-11 21:02:27.140 [info] > git ls-files --stage -- data/topics/01-harmony/backdoor-harmony.js [26ms]
2026-05-11 21:02:27.156 [info] > git config --get --local branch.main.remote [19ms]
2026-05-11 21:02:27.156 [warning] [Git][config] git config failed: Failed to execute git
2026-05-11 21:02:27.174 [info] > git config --get --local branch.main.merge [2ms]
2026-05-11 21:02:27.176 [warning] [Git][config] git config failed: Failed to execute git
2026-05-11 21:02:27.176 [info] > git cat-file -s 9d6b96a3984d221c2fa84ea36efd63c202312734 [21ms]
2026-05-11 21:02:27.231 [info] > git show --textconv :data/topics/01-harmony/backdoor-harmony.js [3ms]
2026-05-11 21:04:08.075 [info] > git config --local -l [1ms]
2026-05-11 21:04:08.088 [info] > git config --get --local branch.main.remote [1ms]
2026-05-11 21:04:08.088 [warning] [Git][config] git config failed: Failed to execute git
2026-05-11 21:04:08.100 [info] > git config --get --local branch.main.merge [2ms]
2026-05-11 21:04:08.100 [warning] [Git][config] git config failed: Failed to execute git
2026-05-11 21:04:11.778 [info] > git config --local -l [3ms]
2026-05-11 21:04:16.650 [info] > git config --local -l [3ms]
2026-05-11 21:05:16.490 [info] > git check-ignore -v -z --stdin [4ms]
2026-05-11 21:05:17.763 [info] > git check-ignore -v -z --stdin [27ms]
2026-05-11 21:05:18.444 [info] > git config --get commit.template [2ms]
2026-05-11 21:05:18.444 [info] > git config --get commit.template [18ms]
2026-05-11 21:05:18.498 [info] [Git][getRemotes] No remotes found in the git config file
2026-05-11 21:05:18.506 [info] > git for-each-ref --format=%(refname)%00%(upstream:short)%00%(objectname)%00%(upstream:track)%00%(upstream:remotename)%00%(upstream:remoteref) refs/heads/main refs/remotes/main [8ms]
2026-05-11 21:05:18.557 [info] > git for-each-ref --format=%(refname)%00%(upstream:short)%00%(objectname)%00%(upstream:track)%00%(upstream:remotename)%00%(upstream:remoteref) refs/heads/main refs/remotes/main [93ms]
2026-05-11 21:05:18.581 [warning] [Git][revParse] Unable to read file: ENOENT: no such file or directory, open '/workspaces/jazz/.git/refs/remotes/origin/main'
2026-05-11 21:05:18.583 [info] > git status -z -uall [51ms]
2026-05-11 21:05:18.584 [info] > git for-each-ref --sort -committerdate --format %(refname)%00%(objectname)%00%(*objectname) [27ms]
2026-05-11 21:05:18.591 [info] > git rev-parse refs/remotes/origin/main [10ms]
2026-05-11 21:05:18.643 [info] > git status -z -uall [25ms]
2026-05-11 21:05:18.649 [info] > git for-each-ref --sort -committerdate --format %(refname)%00%(objectname)%00%(*objectname) [12ms]
2026-05-11 21:05:19.012 [info] > git check-ignore -v -z --stdin [5ms]
2026-05-11 21:05:45.184 [info] > git check-ignore -v -z --stdin [31ms]
2026-05-11 21:05:47.123 [info] > git config --get commit.template [24ms]
2026-05-11 21:05:47.168 [info] [Git][getRemotes] No remotes found in the git config file
2026-05-11 21:05:47.169 [info] > git config --get commit.template [47ms]
2026-05-11 21:05:47.169 [info] > git for-each-ref --format=%(refname)%00%(upstream:short)%00%(objectname)%00%(upstream:track)%00%(upstream:remotename)%00%(upstream:remoteref) refs/heads/main refs/remotes/main [24ms]
2026-05-11 21:05:47.191 [warning] [Git][revParse] Unable to read file: ENOENT: no such file or directory, open '/workspaces/jazz/.git/refs/remotes/origin/main'
2026-05-11 21:05:47.192 [info] > git for-each-ref --format=%(refname)%00%(upstream:short)%00%(objectname)%00%(upstream:track)%00%(upstream:remotename)%00%(upstream:remoteref) refs/heads/main refs/remotes/main [24ms]
2026-05-11 21:05:47.244 [info] > git status -z -uall [31ms]
2026-05-11 21:05:47.245 [info] > git rev-parse refs/remotes/origin/main [54ms]
2026-05-11 21:05:47.322 [info] > git status -z -uall [60ms]
2026-05-11 21:05:47.323 [info] > git for-each-ref --sort -committerdate --format %(refname)%00%(objectname)%00%(*objectname) [82ms]
2026-05-11 21:05:47.327 [info] > git for-each-ref --sort -committerdate --format %(refname)%00%(objectname)%00%(*objectname) [47ms]
2026-05-11 21:06:02.283 [info] > git config --get commit.template [30ms]
2026-05-11 21:06:02.284 [info] > git config --get commit.template [4ms]
2026-05-11 21:06:02.308 [info] [Git][getRemotes] No remotes found in the git config file
2026-05-11 21:06:02.334 [info] > git for-each-ref --format=%(refname)%00%(upstream:short)%00%(objectname)%00%(upstream:track)%00%(upstream:remotename)%00%(upstream:remoteref) refs/heads/main refs/remotes/main [26ms]
2026-05-11 21:06:02.401 [info] > git status -z -uall [36ms]
2026-05-11 21:06:02.402 [info] > git for-each-ref --format=%(refname)%00%(upstream:short)%00%(objectname)%00%(upstream:track)%00%(upstream:remotename)%00%(upstream:remoteref) refs/heads/main refs/remotes/main [69ms]
2026-05-11 21:06:02.427 [warning] [Git][revParse] Unable to read file: ENOENT: no such file or directory, open '/workspaces/jazz/.git/refs/remotes/origin/main'
2026-05-11 21:06:02.429 [info] > git for-each-ref --sort -committerdate --format %(refname)%00%(objectname)%00%(*objectname) [30ms]
2026-05-11 21:06:02.433 [info] > git rev-parse refs/remotes/origin/main [6ms]
2026-05-11 21:06:02.501 [info] > git status -z -uall [32ms]
2026-05-11 21:06:02.502 [info] > git for-each-ref --sort -committerdate --format %(refname)%00%(objectname)%00%(*objectname) [7ms]
2026-05-11 21:06:52.830 [info] > git check-ignore -v -z --stdin [3ms]
2026-05-11 21:06:53.433 [info] > git check-ignore -v -z --stdin [32ms]
2026-05-11 21:06:55.255 [info] > git config --get commit.template [22ms]
2026-05-11 21:06:55.256 [info] > git config --get commit.template [7ms]
2026-05-11 21:06:55.274 [info] [Git][getRemotes] No remotes found in the git config file
2026-05-11 21:06:55.294 [info] > git for-each-ref --format=%(refname)%00%(upstream:short)%00%(objectname)%00%(upstream:track)%00%(upstream:remotename)%00%(upstream:remoteref) refs/heads/main refs/remotes/main [9ms]
2026-05-11 21:06:55.332 [info] > git for-each-ref --format=%(refname)%00%(upstream:short)%00%(objectname)%00%(upstream:track)%00%(upstream:remotename)%00%(upstream:remoteref) refs/heads/main refs/remotes/main [58ms]
2026-05-11 21:06:55.346 [warning] [Git][revParse] Unable to read file: ENOENT: no such file or directory, open '/workspaces/jazz/.git/refs/remotes/origin/main'
2026-05-11 21:06:55.346 [info] > git status -z -uall [37ms]
2026-05-11 21:06:55.348 [info] > git for-each-ref --sort -committerdate --format %(refname)%00%(objectname)%00%(*objectname) [15ms]
2026-05-11 21:06:55.349 [info] > git rev-parse refs/remotes/origin/main [3ms]
2026-05-11 21:06:55.379 [info] > git status -z -uall [18ms]
2026-05-11 21:06:55.380 [info] > git for-each-ref --sort -committerdate --format %(refname)%00%(objectname)%00%(*objectname) [4ms]
2026-05-11 21:09:16.766 [info] > git config --local -l [2ms]
2026-05-11 21:09:16.781 [info] > git config --get --local branch.main.remote [2ms]
2026-05-11 21:09:16.781 [warning] [Git][config] git config failed: Failed to execute git
2026-05-11 21:09:16.798 [info] > git config --get --local branch.main.merge [2ms]
2026-05-11 21:09:16.798 [warning] [Git][config] git config failed: Failed to execute git
2026-05-11 21:09:17.788 [info] > git config --local -l [4ms]
2026-05-11 21:09:21.499 [info] > git config --local -l [1ms]
2026-05-11 21:09:27.415 [info] > git config --get commit.template [2ms]
2026-05-11 21:09:27.436 [info] [Git][getRemotes] No remotes found in the git config file
2026-05-11 21:09:27.439 [info] > git for-each-ref --format=%(refname)%00%(upstream:short)%00%(objectname)%00%(upstream:track)%00%(upstream:remotename)%00%(upstream:remoteref) refs/heads/main refs/remotes/main [3ms]
2026-05-11 21:09:27.472 [info] > git status -z -uall [19ms]
2026-05-11 21:09:27.475 [info] > git for-each-ref --sort -committerdate --format %(refname)%00%(objectname)%00%(*objectname) [4ms]
2026-05-11 21:09:27.511 [info] > git config --local -l [4ms]
2026-05-11 21:09:27.529 [info] > git blame --root --incremental 3aafd005526a07425001a81ddc905266da5ad529 -- data/topics/01-harmony/backdoor-harmony.js [38ms]
2026-05-11 21:09:27.534 [info] > git config --get --local branch.main.remote [7ms]
2026-05-11 21:09:27.535 [warning] [Git][config] git config failed: Failed to execute git
2026-05-11 21:09:27.549 [info] > git config --get --local branch.main.merge [1ms]
2026-05-11 21:09:27.549 [warning] [Git][config] git config failed: Failed to execute git
2026-05-11 21:09:27.609 [info] > git ls-files --stage -- data/topics/01-harmony/backdoor-harmony.js [5ms]
2026-05-11 21:09:27.627 [info] > git cat-file -s 39c09c48745678fdfbb49f4a39b7396f79726cb3 [2ms]
2026-05-11 21:09:27.690 [info] > git show --textconv :data/topics/01-harmony/backdoor-harmony.js [2ms]
2026-05-11 21:09:27.999 [info] > git check-ignore -v -z --stdin [4ms]
2026-05-11 21:10:41.156 [info] > git config --get commit.template [3ms]
2026-05-11 21:10:41.170 [info] [Git][getRemotes] No remotes found in the git config file
2026-05-11 21:10:41.174 [info] > git for-each-ref --format=%(refname)%00%(upstream:short)%00%(objectname)%00%(upstream:track)%00%(upstream:remotename)%00%(upstream:remoteref) refs/heads/main refs/remotes/main [4ms]
2026-05-11 21:10:41.216 [info] > git status -z -uall [28ms]
2026-05-11 21:10:41.218 [info] > git for-each-ref --sort -committerdate --format %(refname)%00%(objectname)%00%(*objectname) [4ms]
2026-05-11 21:10:41.292 [info] > git ls-files --stage -- data/topics/01-harmony/backdoor-harmony.js [1ms]
2026-05-11 21:10:41.303 [info] > git cat-file -s 39c09c48745678fdfbb49f4a39b7396f79726cb3 [0ms]
2026-05-11 21:10:41.359 [info] > git show --textconv :data/topics/01-harmony/backdoor-harmony.js [3ms]
2026-05-11 21:14:21.610 [info] > git config --local -l [2ms]
2026-05-11 21:14:21.623 [info] > git config --get --local branch.main.remote [2ms]
2026-05-11 21:14:21.623 [warning] [Git][config] git config failed: Failed to execute git
2026-05-11 21:14:21.635 [info] > git config --get --local branch.main.merge [0ms]
2026-05-11 21:14:21.635 [warning] [Git][config] git config failed: Failed to execute git
2026-05-11 21:14:22.808 [info] > git config --local -l [2ms]
2026-05-11 21:14:22.867 [info] > git config --local -l [5ms]
2026-05-11 21:15:05.331 [info] > git config --get commit.template [1ms]
2026-05-11 21:15:05.355 [info] [Git][getRemotes] No remotes found in the git config file
2026-05-11 21:15:05.358 [info] > git for-each-ref --format=%(refname)%00%(upstream:short)%00%(objectname)%00%(upstream:track)%00%(upstream:remotename)%00%(upstream:remoteref) refs/heads/main refs/remotes/main [4ms]
2026-05-11 21:15:05.393 [info] > git status -z -uall [22ms]
2026-05-11 21:15:05.400 [info] > git for-each-ref --sort -committerdate --format %(refname)%00%(objectname)%00%(*objectname) [9ms]
2026-05-11 21:15:05.468 [info] > git ls-files --stage -- data/topics/01-harmony/backdoor-harmony.js [2ms]
2026-05-11 21:15:05.489 [info] > git cat-file -s 39c09c48745678fdfbb49f4a39b7396f79726cb3 [2ms]
2026-05-11 21:15:05.547 [info] > git show --textconv :data/topics/01-harmony/backdoor-harmony.js [2ms]
2026-05-11 21:19:21.764 [info] > git config --local -l [3ms]
2026-05-11 21:19:21.795 [info] > git config --get --local branch.main.remote [8ms]
2026-05-11 21:19:21.795 [warning] [Git][config] git config failed: Failed to execute git
2026-05-11 21:19:21.821 [info] > git config --get --local branch.main.merge [6ms]
2026-05-11 21:19:21.821 [warning] [Git][config] git config failed: Failed to execute git
2026-05-11 21:19:24.435 [info] > git config --local -l [3ms]
2026-05-11 21:19:24.500 [info] > git config --local -l [2ms]
